Archive member included to satisfy reference by file (symbol)

d:/intelfpga/18.0/nios2eds/bin/gnu/h-x86_64-mingw32/bin/../lib/gcc/nios2-elf/5.3.0/../../../../../H-x86_64-mingw32/nios2-elf/lib\libsmallc.a(lib_a-memcmp.o)
                              obj/default/hello_world_small.o (memcmp)
d:/intelfpga/18.0/nios2eds/bin/gnu/h-x86_64-mingw32/bin/../lib/gcc/nios2-elf/5.3.0/../../../../../H-x86_64-mingw32/nios2-elf/lib\libsmallc.a(lib_a-memcpy.o)
                              obj/default/hello_world_small.o (memcpy)
d:/intelfpga/18.0/nios2eds/bin/gnu/h-x86_64-mingw32/bin/../lib/gcc/nios2-elf/5.3.0/../../../../../H-x86_64-mingw32/nios2-elf/lib\libsmallc.a(lib_a-memset.o)
                              obj/default/hello_world_small.o (memset)
../eth_3_bsp/\libhal_bsp.a(alt_dcache_flush_all.o)
                              obj/default/hello_world_small.o (alt_dcache_flush_all)
../eth_3_bsp/\libhal_bsp.a(alt_iic.o)
                              obj/default/hello_world_small.o (alt_ic_isr_register)
../eth_3_bsp/\libhal_bsp.a(alt_iic_isr_register.o)
                              ../eth_3_bsp/\libhal_bsp.a(alt_iic.o) (alt_iic_isr_register)
../eth_3_bsp/\libhal_bsp.a(alt_irq_entry.o)
                              ../eth_3_bsp/\libhal_bsp.a(alt_iic_isr_register.o) (alt_irq_entry)
../eth_3_bsp/\libhal_bsp.a(alt_irq_handler.o)
                              ../eth_3_bsp/\libhal_bsp.a(alt_iic_isr_register.o) (alt_irq_handler)
../eth_3_bsp/\libhal_bsp.a(alt_irq_vars.o)
                              ../eth_3_bsp/\libhal_bsp.a(alt_iic.o) (alt_irq_active)
../eth_3_bsp/\libhal_bsp.a(alt_load.o)
                              ../eth_3_bsp//obj/HAL/src/crt0.o (alt_load)
../eth_3_bsp/\libhal_bsp.a(alt_main.o)
                              ../eth_3_bsp//obj/HAL/src/crt0.o (alt_main)
../eth_3_bsp/\libhal_bsp.a(alt_sys_init.o)
                              ../eth_3_bsp/\libhal_bsp.a(alt_main.o) (alt_irq_init)
../eth_3_bsp/\libhal_bsp.a(altera_avalon_sgdma.o)
                              obj/default/hello_world_small.o (alt_avalon_sgdma_do_async_transfer)
../eth_3_bsp/\libhal_bsp.a(alt_dcache_flush.o)
                              ../eth_3_bsp/\libhal_bsp.a(altera_avalon_sgdma.o) (alt_dcache_flush)
../eth_3_bsp/\libhal_bsp.a(alt_dev_llist_insert.o)
                              ../eth_3_bsp/\libhal_bsp.a(altera_avalon_sgdma.o) (alt_dev_llist_insert)
../eth_3_bsp/\libhal_bsp.a(alt_errno.o)
                              ../eth_3_bsp/\libhal_bsp.a(altera_avalon_sgdma.o) (alt_errno)
../eth_3_bsp/\libhal_bsp.a(alt_exception_entry.o)
                              ../eth_3_bsp/\libhal_bsp.a(alt_irq_entry.o) (alt_exception)
../eth_3_bsp/\libhal_bsp.a(alt_find_dev.o)
                              ../eth_3_bsp/\libhal_bsp.a(altera_avalon_sgdma.o) (alt_find_dev)
../eth_3_bsp/\libhal_bsp.a(alt_icache_flush_all.o)
                              ../eth_3_bsp/\libhal_bsp.a(alt_load.o) (alt_icache_flush_all)
../eth_3_bsp/\libhal_bsp.a(alt_instruction_exception_entry.o)
                              ../eth_3_bsp/\libhal_bsp.a(alt_exception_entry.o) (alt_instruction_exception_entry)
../eth_3_bsp/\libhal_bsp.a(altera_nios2_gen2_irq.o)
                              ../eth_3_bsp/\libhal_bsp.a(alt_sys_init.o) (altera_nios2_gen2_irq_init)
../eth_3_bsp/\libhal_bsp.a(alt_icache_flush.o)
                              ../eth_3_bsp/\libhal_bsp.a(alt_icache_flush_all.o) (alt_icache_flush)
d:/intelfpga/18.0/nios2eds/bin/gnu/h-x86_64-mingw32/bin/../lib/gcc/nios2-elf/5.3.0/../../../../../H-x86_64-mingw32/nios2-elf/lib\libsmallc.a(lib_a-int_errno.o)
                              ../eth_3_bsp/\libhal_bsp.a(altera_avalon_sgdma.o) (errno)
d:/intelfpga/18.0/nios2eds/bin/gnu/h-x86_64-mingw32/bin/../lib/gcc/nios2-elf/5.3.0/../../../../../H-x86_64-mingw32/nios2-elf/lib\libsmallc.a(lib_a-strlen.o)
                              ../eth_3_bsp/\libhal_bsp.a(alt_find_dev.o) (strlen)

Allocating common symbols
Common symbol       size              file

alt_irq             0x100             ../eth_3_bsp/\libhal_bsp.a(alt_irq_handler.o)
errno               0x4               d:/intelfpga/18.0/nios2eds/bin/gnu/h-x86_64-mingw32/bin/../lib/gcc/nios2-elf/5.3.0/../../../../../H-x86_64-mingw32/nios2-elf/lib\libsmallc.a(lib_a-int_errno.o)
tx_descriptor_header
                    0x20              obj/default/hello_world_small.o
rx_descriptor_end   0x20              obj/default/hello_world_small.o
rx_descriptor       0x20              obj/default/hello_world_small.o
sgdma_tx_dev        0x4               obj/default/hello_world_small.o
tx_descriptor_end   0x20              obj/default/hello_world_small.o
tx_descriptor_data  0x20              obj/default/hello_world_small.o
sgdma_rx_dev        0x4               obj/default/hello_world_small.o

Memory Configuration

Name             Origin             Length             Attributes
reset            0x0000000000002000 0x0000000000000020
system_ram       0x0000000000002020 0x0000000000001fdf
rx_buf_ram       0x0000000000005400 0x0000000000000200
header_ram       0x0000000000005600 0x0000000000000100
*default*        0x0000000000000000 0xffffffffffffffff

Linker script and memory map

LOAD ../eth_3_bsp//obj/HAL/src/crt0.o
LOAD obj/default/hello_world_small.o
LOAD d:/intelfpga/18.0/nios2eds/bin/gnu/h-x86_64-mingw32/bin/../lib/gcc/nios2-elf/5.3.0/../../../../../H-x86_64-mingw32/nios2-elf/lib\libstdc++.a
LOAD d:/intelfpga/18.0/nios2eds/bin/gnu/h-x86_64-mingw32/bin/../lib/gcc/nios2-elf/5.3.0/../../../../../H-x86_64-mingw32/nios2-elf/lib\libm.a
LOAD d:/intelfpga/18.0/nios2eds/bin/gnu/h-x86_64-mingw32/bin/../lib/gcc/nios2-elf/5.3.0\libgcc.a
START GROUP
LOAD d:/intelfpga/18.0/nios2eds/bin/gnu/h-x86_64-mingw32/bin/../lib/gcc/nios2-elf/5.3.0/../../../../../H-x86_64-mingw32/nios2-elf/lib\libsmallc.a
LOAD d:/intelfpga/18.0/nios2eds/bin/gnu/h-x86_64-mingw32/bin/../lib/gcc/nios2-elf/5.3.0\libgcc.a
LOAD ../eth_3_bsp/\libhal_bsp.a
LOAD d:/intelfpga/18.0/nios2eds/bin/gnu/h-x86_64-mingw32/bin/../lib/gcc/nios2-elf/5.3.0/../../../../../H-x86_64-mingw32/nios2-elf/lib\libm.a
END GROUP
LOAD d:/intelfpga/18.0/nios2eds/bin/gnu/h-x86_64-mingw32/bin/../lib/gcc/nios2-elf/5.3.0\libgcc.a
                0x0000000000002000                __alt_mem_system_ram = 0x2000
                0x0000000000005400                __alt_mem_rx_buf_ram = 0x5400
                0x0000000000005600                __alt_mem_header_ram = 0x5600

.entry          0x0000000000002000       0x20
 *(.entry)
 .entry         0x0000000000002000       0x20 ../eth_3_bsp//obj/HAL/src/crt0.o
                0x0000000000002000                __reset
                0x000000000000201c                _exit

.exceptions     0x0000000000002020      0x168
                0x0000000000002020                PROVIDE (__ram_exceptions_start, ABSOLUTE (.))
                0x0000000000002020                . = ALIGN (0x20)
 *(.irq)
 *(.exceptions.entry.label)
 .exceptions.entry.label
                0x0000000000002020        0x0 ../eth_3_bsp/\libhal_bsp.a(alt_irq_entry.o)
                0x0000000000002020                alt_irq_entry
 .exceptions.entry.label
                0x0000000000002020        0x0 ../eth_3_bsp/\libhal_bsp.a(alt_exception_entry.o)
                0x0000000000002020                alt_exception
 *(.exceptions.entry.user)
 *(.exceptions.entry.ecc_fatal)
 *(.exceptions.entry)
 .exceptions.entry
                0x0000000000002020       0x54 ../eth_3_bsp/\libhal_bsp.a(alt_exception_entry.o)
 *(.exceptions.irqtest.user)
 *(.exceptions.irqtest)
 .exceptions.irqtest
                0x0000000000002074       0x10 ../eth_3_bsp/\libhal_bsp.a(alt_irq_entry.o)
 *(.exceptions.irqhandler.user)
 *(.exceptions.irqhandler)
 .exceptions.irqhandler
                0x0000000000002084        0x4 ../eth_3_bsp/\libhal_bsp.a(alt_irq_entry.o)
 *(.exceptions.irqreturn.user)
 *(.exceptions.irqreturn)
 .exceptions.irqreturn
                0x0000000000002088        0x4 ../eth_3_bsp/\libhal_bsp.a(alt_irq_entry.o)
 *(.exceptions.notirq.label)
 .exceptions.notirq.label
                0x000000000000208c        0x0 ../eth_3_bsp/\libhal_bsp.a(alt_irq_entry.o)
 *(.exceptions.notirq.user)
 *(.exceptions.notirq)
 .exceptions.notirq
                0x000000000000208c        0x8 ../eth_3_bsp/\libhal_bsp.a(alt_exception_entry.o)
 *(.exceptions.soft.user)
 *(.exceptions.soft)
 *(.exceptions.unknown.user)
 *(.exceptions.unknown)
 .exceptions.unknown
                0x0000000000002094       0x14 ../eth_3_bsp/\libhal_bsp.a(alt_exception_entry.o)
 *(.exceptions.exit.label)
 .exceptions.exit.label
                0x00000000000020a8        0x0 ../eth_3_bsp/\libhal_bsp.a(alt_irq_entry.o)
 .exceptions.exit.label
                0x00000000000020a8        0x0 ../eth_3_bsp/\libhal_bsp.a(alt_exception_entry.o)
 *(.exceptions.exit.user)
 *(.exceptions.exit)
 .exceptions.exit
                0x00000000000020a8       0x54 ../eth_3_bsp/\libhal_bsp.a(alt_exception_entry.o)
 *(.exceptions)
 .exceptions    0x00000000000020fc       0x60 ../eth_3_bsp/\libhal_bsp.a(alt_irq_handler.o)
                0x00000000000020fc                alt_irq_handler
 .exceptions    0x000000000000215c       0x2c ../eth_3_bsp/\libhal_bsp.a(alt_instruction_exception_entry.o)
                0x000000000000215c                alt_instruction_exception_entry
                0x0000000000002188                PROVIDE (__ram_exceptions_end, ABSOLUTE (.))
                0x0000000000002020                PROVIDE (__flash_exceptions_start, LOADADDR (.exceptions))

.text           0x0000000000002188     0x1218
                [!provide]                        PROVIDE (stext, ABSOLUTE (.))
 *(.interp)
 *(.hash)
 *(.dynsym)
 *(.dynstr)
 *(.gnu.version)
 *(.gnu.version_d)
 *(.gnu.version_r)
 *(.rel.init)
 *(.rela.init)
 *(.rel.text .rel.text.* .rel.gnu.linkonce.t.*)
 *(.rela.text .rela.text.* .rela.gnu.linkonce.t.*)
 *(.rel.fini)
 *(.rela.fini)
 *(.rel.rodata .rel.rodata.* .rel.gnu.linkonce.r.*)
 *(.rela.rodata .rela.rodata.* .rela.gnu.linkonce.r.*)
 *(.rel.data .rel.data.* .rel.gnu.linkonce.d.*)
 *(.rela.data .rela.data.* .rela.gnu.linkonce.d.*)
 *(.rel.tdata .rel.tdata.* .rel.gnu.linkonce.td.*)
 *(.rela.tdata .rela.tdata.* .rela.gnu.linkonce.td.*)
 *(.rel.tbss .rel.tbss.* .rel.gnu.linkonce.tb.*)
 *(.rela.tbss .rela.tbss.* .rela.gnu.linkonce.tb.*)
 *(.rel.ctors)
 *(.rela.ctors)
 *(.rel.dtors)
 *(.rela.dtors)
 *(.rel.got)
 *(.rela.got)
 *(.rel.sdata .rel.sdata.* .rel.gnu.linkonce.s.*)
 *(.rela.sdata .rela.sdata.* .rela.gnu.linkonce.s.*)
 *(.rel.sbss .rel.sbss.* .rel.gnu.linkonce.sb.*)
 *(.rela.sbss .rela.sbss.* .rela.gnu.linkonce.sb.*)
 *(.rel.sdata2 .rel.sdata2.* .rel.gnu.linkonce.s2.*)
 *(.rela.sdata2 .rela.sdata2.* .rela.gnu.linkonce.s2.*)
 *(.rel.sbss2 .rel.sbss2.* .rel.gnu.linkonce.sb2.*)
 *(.rela.sbss2 .rela.sbss2.* .rela.gnu.linkonce.sb2.*)
 *(.rel.bss .rel.bss.* .rel.gnu.linkonce.b.*)
 *(.rela.bss .rela.bss.* .rela.gnu.linkonce.b.*)
 *(.rel.plt)
 *(.rela.plt)
 *(.rel.dyn)
 *(.init)
 *(.plt)
 *(.text .stub .text.* .gnu.linkonce.t.*)
 .text          0x0000000000002188       0x4c ../eth_3_bsp//obj/HAL/src/crt0.o
                0x0000000000002188                _start
 .text          0x00000000000021d4      0x6e8 obj/default/hello_world_small.o
                0x00000000000021d4                button_isr
                0x00000000000022dc                tse_init
                0x00000000000023e4                open_sgdma
                0x000000000000247c                create_eth
                0x00000000000024bc                create_arp
                0x0000000000002578                create_ip
                0x000000000000260c                create_udp
                0x0000000000002648                calculate_checksum
                0x00000000000026ac                create_icmp
                0x00000000000026f0                sgdma_rx_irq_handler
                0x0000000000002878                pio_init
 .text.startup  0x00000000000028bc       0x54 obj/default/hello_world_small.o
                0x00000000000028bc                main
 .text          0x0000000000002910        0x0 d:/intelfpga/18.0/nios2eds/bin/gnu/h-x86_64-mingw32/bin/../lib/gcc/nios2-elf/5.3.0/../../../../../H-x86_64-mingw32/nios2-elf/lib\libsmallc.a(lib_a-memcmp.o)
 .text.memcmp   0x0000000000002910       0x30 d:/intelfpga/18.0/nios2eds/bin/gnu/h-x86_64-mingw32/bin/../lib/gcc/nios2-elf/5.3.0/../../../../../H-x86_64-mingw32/nios2-elf/lib\libsmallc.a(lib_a-memcmp.o)
                0x0000000000002910                memcmp
 .text          0x0000000000002940        0x0 d:/intelfpga/18.0/nios2eds/bin/gnu/h-x86_64-mingw32/bin/../lib/gcc/nios2-elf/5.3.0/../../../../../H-x86_64-mingw32/nios2-elf/lib\libsmallc.a(lib_a-memcpy.o)
 .text.memcpy   0x0000000000002940       0x28 d:/intelfpga/18.0/nios2eds/bin/gnu/h-x86_64-mingw32/bin/../lib/gcc/nios2-elf/5.3.0/../../../../../H-x86_64-mingw32/nios2-elf/lib\libsmallc.a(lib_a-memcpy.o)
                0x0000000000002940                memcpy
 .text          0x0000000000002968        0x0 d:/intelfpga/18.0/nios2eds/bin/gnu/h-x86_64-mingw32/bin/../lib/gcc/nios2-elf/5.3.0/../../../../../H-x86_64-mingw32/nios2-elf/lib\libsmallc.a(lib_a-memset.o)
 .text.memset   0x0000000000002968       0x20 d:/intelfpga/18.0/nios2eds/bin/gnu/h-x86_64-mingw32/bin/../lib/gcc/nios2-elf/5.3.0/../../../../../H-x86_64-mingw32/nios2-elf/lib\libsmallc.a(lib_a-memset.o)
                0x0000000000002968                memset
 .text          0x0000000000002988       0x18 ../eth_3_bsp/\libhal_bsp.a(alt_dcache_flush_all.o)
                0x0000000000002988                alt_dcache_flush_all
 .text          0x00000000000029a0       0x8c ../eth_3_bsp/\libhal_bsp.a(alt_iic.o)
                0x00000000000029a0                alt_ic_isr_register
                0x00000000000029a4                alt_ic_irq_enable
                0x00000000000029dc                alt_ic_irq_disable
                0x0000000000002a14                alt_ic_irq_enabled
 .text          0x0000000000002a2c       0x68 ../eth_3_bsp/\libhal_bsp.a(alt_iic_isr_register.o)
                0x0000000000002a2c                alt_iic_isr_register
 .text          0x0000000000002a94        0x0 ../eth_3_bsp/\libhal_bsp.a(alt_irq_entry.o)
 .text          0x0000000000002a94        0x0 ../eth_3_bsp/\libhal_bsp.a(alt_irq_handler.o)
 .text          0x0000000000002a94        0x0 ../eth_3_bsp/\libhal_bsp.a(alt_irq_vars.o)
 .text          0x0000000000002a94       0xe0 ../eth_3_bsp/\libhal_bsp.a(alt_load.o)
                0x0000000000002a94                alt_load
 .text          0x0000000000002b74       0x2c ../eth_3_bsp/\libhal_bsp.a(alt_main.o)
                0x0000000000002b74                alt_main
 .text          0x0000000000002ba0       0x58 ../eth_3_bsp/\libhal_bsp.a(alt_sys_init.o)
                0x0000000000002ba0                alt_irq_init
                0x0000000000002bc0                alt_sys_init
 .text          0x0000000000002bf8      0x5c4 ../eth_3_bsp/\libhal_bsp.a(altera_avalon_sgdma.o)
                0x0000000000002c54                alt_avalon_sgdma_do_async_transfer
                0x0000000000002cd0                alt_avalon_sgdma_do_sync_transfer
                0x0000000000002d50                alt_avalon_sgdma_register_callback
                0x0000000000002d60                alt_avalon_sgdma_start
                0x0000000000002d78                alt_avalon_sgdma_stop
                0x0000000000002d94                alt_avalon_sgdma_check_descriptor_status
                0x0000000000002dc0                alt_avalon_sgdma_open
                0x0000000000002e0c                alt_avalon_sgdma_enable_desc_poll
                0x0000000000002e3c                alt_avalon_sgdma_disable_desc_poll
                0x0000000000002e5c                alt_avalon_sgdma_construct_descriptor_burst
                0x0000000000002f70                alt_avalon_sgdma_construct_mem_to_mem_desc_burst
                0x0000000000002fb8                alt_avalon_sgdma_construct_mem_to_mem_desc
                0x0000000000002ff0                alt_avalon_sgdma_construct_stream_to_mem_desc_burst
                0x0000000000003038                alt_avalon_sgdma_construct_stream_to_mem_desc
                0x0000000000003060                alt_avalon_sgdma_construct_mem_to_stream_desc_burst
                0x00000000000030b0                alt_avalon_sgdma_construct_mem_to_stream_desc
                0x00000000000030f0                alt_avalon_sgdma_construct_descriptor
                0x0000000000003138                alt_avalon_sgdma_init
 .text          0x00000000000031bc       0x28 ../eth_3_bsp/\libhal_bsp.a(alt_dcache_flush.o)
                0x00000000000031bc                alt_dcache_flush
 .text          0x00000000000031e4       0x6c ../eth_3_bsp/\libhal_bsp.a(alt_dev_llist_insert.o)
                0x00000000000031e4                alt_dev_llist_insert
 .text          0x0000000000003250        0x0 ../eth_3_bsp/\libhal_bsp.a(alt_errno.o)
 .text          0x0000000000003250        0x0 ../eth_3_bsp/\libhal_bsp.a(alt_exception_entry.o)
 .text          0x0000000000003250       0x74 ../eth_3_bsp/\libhal_bsp.a(alt_find_dev.o)
                0x0000000000003250                alt_find_dev
 .text          0x00000000000032c4        0xc ../eth_3_bsp/\libhal_bsp.a(alt_icache_flush_all.o)
                0x00000000000032c4                alt_icache_flush_all
 .text          0x00000000000032d0       0x74 ../eth_3_bsp/\libhal_bsp.a(alt_instruction_exception_entry.o)
                0x00000000000032d0                alt_exception_cause_generated_bad_addr
 .text          0x0000000000003344        0x8 ../eth_3_bsp/\libhal_bsp.a(altera_nios2_gen2_irq.o)
                0x0000000000003344                altera_nios2_gen2_irq_init
 .text          0x000000000000334c       0x38 ../eth_3_bsp/\libhal_bsp.a(alt_icache_flush.o)
                0x000000000000334c                alt_icache_flush
 .text          0x0000000000003384        0x0 d:/intelfpga/18.0/nios2eds/bin/gnu/h-x86_64-mingw32/bin/../lib/gcc/nios2-elf/5.3.0/../../../../../H-x86_64-mingw32/nios2-elf/lib\libsmallc.a(lib_a-int_errno.o)
 .text          0x0000000000003384        0x0 d:/intelfpga/18.0/nios2eds/bin/gnu/h-x86_64-mingw32/bin/../lib/gcc/nios2-elf/5.3.0/../../../../../H-x86_64-mingw32/nios2-elf/lib\libsmallc.a(lib_a-strlen.o)
 .text.strlen   0x0000000000003384       0x1c d:/intelfpga/18.0/nios2eds/bin/gnu/h-x86_64-mingw32/bin/../lib/gcc/nios2-elf/5.3.0/../../../../../H-x86_64-mingw32/nios2-elf/lib\libsmallc.a(lib_a-strlen.o)
                0x0000000000003384                strlen
 *(.gnu.warning.*)
 *(.fini)
                [!provide]                        PROVIDE (__etext, ABSOLUTE (.))
                [!provide]                        PROVIDE (_etext, ABSOLUTE (.))
                [!provide]                        PROVIDE (etext, ABSOLUTE (.))
 *(.eh_frame_hdr)
                0x00000000000033a0                . = ALIGN (0x4)
                [!provide]                        PROVIDE (__preinit_array_start, ABSOLUTE (.))
 *(.preinit_array)
                [!provide]                        PROVIDE (__preinit_array_end, ABSOLUTE (.))
                [!provide]                        PROVIDE (__init_array_start, ABSOLUTE (.))
 *(.init_array)
                [!provide]                        PROVIDE (__init_array_end, ABSOLUTE (.))
                [!provide]                        PROVIDE (__fini_array_start, ABSOLUTE (.))
 *(.fini_array)
                [!provide]                        PROVIDE (__fini_array_end, ABSOLUTE (.))
 *(.eh_frame)
 *(.gcc_except_table .gcc_except_table.*)
 *(.dynamic)
                [!provide]                        PROVIDE (__CTOR_LIST__, ABSOLUTE (.))
 *(.ctors)
 *(SORT(.ctors.*))
                [!provide]                        PROVIDE (__CTOR_END__, ABSOLUTE (.))
                [!provide]                        PROVIDE (__DTOR_LIST__, ABSOLUTE (.))
 *(.dtors)
 *(SORT(.dtors.*))
                [!provide]                        PROVIDE (__DTOR_END__, ABSOLUTE (.))
 *(.jcr)
                0x00000000000033a0                . = ALIGN (0x4)

.rodata         0x00000000000033a0       0x3c
                0x00000000000033a0                PROVIDE (__ram_rodata_start, ABSOLUTE (.))
                0x00000000000033a0                . = ALIGN (0x4)
 *(.rodata .rodata.* .gnu.linkonce.r.*)
 .rodata.str1.4
                0x00000000000033a0       0x3c obj/default/hello_world_small.o
                                         0x3b (size before relaxing)
 .rodata.str1.4
                0x00000000000033dc       0x18 ../eth_3_bsp/\libhal_bsp.a(alt_sys_init.o)
 *(.rodata1)
                0x00000000000033f4                . = ALIGN (0x4)
                0x00000000000033f4                PROVIDE (__ram_rodata_end, ABSOLUTE (.))
                0x00000000000033a0                PROVIDE (__flash_rodata_start, LOADADDR (.rodata))

.rwdata         0x00000000000033dc       0x90 load address 0x000000000000346c
                0x00000000000033dc                PROVIDE (__ram_rwdata_start, ABSOLUTE (.))
                0x00000000000033dc                . = ALIGN (0x4)
 *(.got.plt)
 *(.got)
 *(.data1)
 *(.data .data.* .gnu.linkonce.d.*)
 .data          0x00000000000033dc        0x0 ../eth_3_bsp//obj/HAL/src/crt0.o
 .data          0x00000000000033dc        0x0 obj/default/hello_world_small.o
 .data          0x00000000000033dc        0x0 d:/intelfpga/18.0/nios2eds/bin/gnu/h-x86_64-mingw32/bin/../lib/gcc/nios2-elf/5.3.0/../../../../../H-x86_64-mingw32/nios2-elf/lib\libsmallc.a(lib_a-memcmp.o)
 .data          0x00000000000033dc        0x0 d:/intelfpga/18.0/nios2eds/bin/gnu/h-x86_64-mingw32/bin/../lib/gcc/nios2-elf/5.3.0/../../../../../H-x86_64-mingw32/nios2-elf/lib\libsmallc.a(lib_a-memcpy.o)
 .data          0x00000000000033dc        0x0 d:/intelfpga/18.0/nios2eds/bin/gnu/h-x86_64-mingw32/bin/../lib/gcc/nios2-elf/5.3.0/../../../../../H-x86_64-mingw32/nios2-elf/lib\libsmallc.a(lib_a-memset.o)
 .data          0x00000000000033dc        0x0 ../eth_3_bsp/\libhal_bsp.a(alt_dcache_flush_all.o)
 .data          0x00000000000033dc        0x0 ../eth_3_bsp/\libhal_bsp.a(alt_iic.o)
 .data          0x00000000000033dc        0x0 ../eth_3_bsp/\libhal_bsp.a(alt_iic_isr_register.o)
 .data          0x00000000000033dc        0x0 ../eth_3_bsp/\libhal_bsp.a(alt_irq_entry.o)
 .data          0x00000000000033dc        0x0 ../eth_3_bsp/\libhal_bsp.a(alt_irq_handler.o)
 .data          0x00000000000033dc        0x0 ../eth_3_bsp/\libhal_bsp.a(alt_irq_vars.o)
 .data          0x00000000000033dc        0x0 ../eth_3_bsp/\libhal_bsp.a(alt_load.o)
 .data          0x00000000000033dc        0x0 ../eth_3_bsp/\libhal_bsp.a(alt_main.o)
 .data          0x00000000000033dc       0x60 ../eth_3_bsp/\libhal_bsp.a(alt_sys_init.o)
 .data          0x000000000000343c        0x0 ../eth_3_bsp/\libhal_bsp.a(altera_avalon_sgdma.o)
 .data          0x000000000000343c        0x0 ../eth_3_bsp/\libhal_bsp.a(alt_dcache_flush.o)
 .data          0x000000000000343c        0x0 ../eth_3_bsp/\libhal_bsp.a(alt_dev_llist_insert.o)
 .data          0x000000000000343c        0x0 ../eth_3_bsp/\libhal_bsp.a(alt_errno.o)
 .data          0x000000000000343c        0x0 ../eth_3_bsp/\libhal_bsp.a(alt_exception_entry.o)
 .data          0x000000000000343c        0x0 ../eth_3_bsp/\libhal_bsp.a(alt_find_dev.o)
 .data          0x000000000000343c        0x0 ../eth_3_bsp/\libhal_bsp.a(alt_icache_flush_all.o)
 .data          0x000000000000343c        0x0 ../eth_3_bsp/\libhal_bsp.a(alt_instruction_exception_entry.o)
 .data          0x000000000000343c        0x0 ../eth_3_bsp/\libhal_bsp.a(altera_nios2_gen2_irq.o)
 .data          0x000000000000343c        0x0 ../eth_3_bsp/\libhal_bsp.a(alt_icache_flush.o)
 .data          0x000000000000343c        0x0 d:/intelfpga/18.0/nios2eds/bin/gnu/h-x86_64-mingw32/bin/../lib/gcc/nios2-elf/5.3.0/../../../../../H-x86_64-mingw32/nios2-elf/lib\libsmallc.a(lib_a-int_errno.o)
 .data          0x000000000000343c        0x0 d:/intelfpga/18.0/nios2eds/bin/gnu/h-x86_64-mingw32/bin/../lib/gcc/nios2-elf/5.3.0/../../../../../H-x86_64-mingw32/nios2-elf/lib\libsmallc.a(lib_a-strlen.o)
                0x000000000000b43c                _gp = ABSOLUTE ((. + 0x8000))
                [!provide]                        PROVIDE (gp, _gp)
 *(.rwdata .rwdata.*)
 *(.sdata .sdata.* .gnu.linkonce.s.*)
 .sdata         0x000000000000343c       0x19 obj/default/hello_world_small.o
                0x000000000000343c                tse
                0x0000000000003440                udp
                0x0000000000003444                icmp
                0x0000000000003448                ip
                0x000000000000344c                arp
                0x0000000000003450                eth
                0x0000000000003454                RTP_PAYLOAD_TYPE
 *fill*         0x0000000000003455        0x3 
 .sdata         0x0000000000003458        0x4 ../eth_3_bsp/\libhal_bsp.a(alt_irq_vars.o)
                0x0000000000003458                alt_priority_mask
 .sdata         0x000000000000345c        0x4 ../eth_3_bsp/\libhal_bsp.a(alt_sys_init.o)
                0x000000000000345c                jtag_uart_0
 .sdata         0x0000000000003460        0x8 ../eth_3_bsp/\libhal_bsp.a(altera_avalon_sgdma.o)
                0x0000000000003460                alt_sgdma_list
 .sdata         0x0000000000003468        0x4 ../eth_3_bsp/\libhal_bsp.a(alt_errno.o)
                0x0000000000003468                alt_errno
 *(.sdata2 .sdata2.* .gnu.linkonce.s2.*)
                0x000000000000346c                . = ALIGN (0x4)
                0x000000000000346c                _edata = ABSOLUTE (.)
                [!provide]                        PROVIDE (edata, ABSOLUTE (.))
                0x000000000000346c                PROVIDE (__ram_rwdata_end, ABSOLUTE (.))
                0x000000000000346c                PROVIDE (__flash_rwdata_start, LOADADDR (.rwdata))

.bss            0x00000000000034fc      0x1c4
                0x00000000000034fc                __bss_start = ABSOLUTE (.)
                [!provide]                        PROVIDE (__sbss_start, ABSOLUTE (.))
                [!provide]                        PROVIDE (___sbss_start, ABSOLUTE (.))
 *(.dynsbss)
 *(.sbss .sbss.* .gnu.linkonce.sb.*)
 .sbss          0x00000000000034fc        0x1 obj/default/hello_world_small.o
                0x00000000000034fc                fl_proto
 *fill*         0x00000000000034fd        0x3 
 .sbss          0x0000000000003500        0x8 obj/default/hello_world_small.o
                0x0000000000003500                sgdma_tx_dev
                0x0000000000003504                sgdma_rx_dev
 .sbss          0x0000000000003508        0x4 ../eth_3_bsp/\libhal_bsp.a(alt_irq_vars.o)
                0x0000000000003508                alt_irq_active
 .sbss          0x000000000000350c        0xc ../eth_3_bsp/\libhal_bsp.a(alt_main.o)
                0x000000000000350c                alt_envp
                0x0000000000003510                alt_argv
                0x0000000000003514                alt_argc
 .sbss          0x0000000000003518        0x4 ../eth_3_bsp/\libhal_bsp.a(alt_instruction_exception_entry.o)
                0x0000000000003518                alt_instruction_exception_handler
 .sbss          0x000000000000351c        0x4 d:/intelfpga/18.0/nios2eds/bin/gnu/h-x86_64-mingw32/bin/../lib/gcc/nios2-elf/5.3.0/../../../../../H-x86_64-mingw32/nios2-elf/lib\libsmallc.a(lib_a-int_errno.o)
                0x000000000000351c                errno
 *(.sbss2 .sbss2.* .gnu.linkonce.sb2.*)
 *(.scommon)
                [!provide]                        PROVIDE (__sbss_end, ABSOLUTE (.))
                [!provide]                        PROVIDE (___sbss_end, ABSOLUTE (.))
 *(.dynbss)
 *(.bss .bss.* .gnu.linkonce.b.*)
 .bss           0x0000000000003520        0x0 ../eth_3_bsp//obj/HAL/src/crt0.o
 .bss           0x0000000000003520        0x0 obj/default/hello_world_small.o
 .bss           0x0000000000003520        0x0 d:/intelfpga/18.0/nios2eds/bin/gnu/h-x86_64-mingw32/bin/../lib/gcc/nios2-elf/5.3.0/../../../../../H-x86_64-mingw32/nios2-elf/lib\libsmallc.a(lib_a-memcmp.o)
 .bss           0x0000000000003520        0x0 d:/intelfpga/18.0/nios2eds/bin/gnu/h-x86_64-mingw32/bin/../lib/gcc/nios2-elf/5.3.0/../../../../../H-x86_64-mingw32/nios2-elf/lib\libsmallc.a(lib_a-memcpy.o)
 .bss           0x0000000000003520        0x0 d:/intelfpga/18.0/nios2eds/bin/gnu/h-x86_64-mingw32/bin/../lib/gcc/nios2-elf/5.3.0/../../../../../H-x86_64-mingw32/nios2-elf/lib\libsmallc.a(lib_a-memset.o)
 .bss           0x0000000000003520        0x0 ../eth_3_bsp/\libhal_bsp.a(alt_dcache_flush_all.o)
 .bss           0x0000000000003520        0x0 ../eth_3_bsp/\libhal_bsp.a(alt_iic.o)
 .bss           0x0000000000003520        0x0 ../eth_3_bsp/\libhal_bsp.a(alt_iic_isr_register.o)
 .bss           0x0000000000003520        0x0 ../eth_3_bsp/\libhal_bsp.a(alt_irq_entry.o)
 .bss           0x0000000000003520        0x0 ../eth_3_bsp/\libhal_bsp.a(alt_irq_handler.o)
 .bss           0x0000000000003520        0x0 ../eth_3_bsp/\libhal_bsp.a(alt_irq_vars.o)
 .bss           0x0000000000003520        0x0 ../eth_3_bsp/\libhal_bsp.a(alt_load.o)
 .bss           0x0000000000003520        0x0 ../eth_3_bsp/\libhal_bsp.a(alt_main.o)
 .bss           0x0000000000003520        0x0 ../eth_3_bsp/\libhal_bsp.a(alt_sys_init.o)
 .bss           0x0000000000003520        0x0 ../eth_3_bsp/\libhal_bsp.a(altera_avalon_sgdma.o)
 .bss           0x0000000000003520        0x0 ../eth_3_bsp/\libhal_bsp.a(alt_dcache_flush.o)
 .bss           0x0000000000003520        0x0 ../eth_3_bsp/\libhal_bsp.a(alt_dev_llist_insert.o)
 .bss           0x0000000000003520        0x0 ../eth_3_bsp/\libhal_bsp.a(alt_errno.o)
 .bss           0x0000000000003520        0x0 ../eth_3_bsp/\libhal_bsp.a(alt_exception_entry.o)
 .bss           0x0000000000003520        0x0 ../eth_3_bsp/\libhal_bsp.a(alt_find_dev.o)
 .bss           0x0000000000003520        0x0 ../eth_3_bsp/\libhal_bsp.a(alt_icache_flush_all.o)
 .bss           0x0000000000003520        0x0 ../eth_3_bsp/\libhal_bsp.a(alt_instruction_exception_entry.o)
 .bss           0x0000000000003520        0x0 ../eth_3_bsp/\libhal_bsp.a(altera_nios2_gen2_irq.o)
 .bss           0x0000000000003520        0x0 ../eth_3_bsp/\libhal_bsp.a(alt_icache_flush.o)
 .bss           0x0000000000003520        0x0 d:/intelfpga/18.0/nios2eds/bin/gnu/h-x86_64-mingw32/bin/../lib/gcc/nios2-elf/5.3.0/../../../../../H-x86_64-mingw32/nios2-elf/lib\libsmallc.a(lib_a-int_errno.o)
 .bss           0x0000000000003520        0x0 d:/intelfpga/18.0/nios2eds/bin/gnu/h-x86_64-mingw32/bin/../lib/gcc/nios2-elf/5.3.0/../../../../../H-x86_64-mingw32/nios2-elf/lib\libsmallc.a(lib_a-strlen.o)
 *(COMMON)
 COMMON         0x0000000000003520       0xa0 obj/default/hello_world_small.o
                0x0000000000003520                tx_descriptor_header
                0x0000000000003540                rx_descriptor_end
                0x0000000000003560                rx_descriptor
                0x0000000000003580                tx_descriptor_end
                0x00000000000035a0                tx_descriptor_data
 COMMON         0x00000000000035c0      0x100 ../eth_3_bsp/\libhal_bsp.a(alt_irq_handler.o)
                0x00000000000035c0                alt_irq
                0x00000000000036c0                . = ALIGN (0x4)
                0x00000000000036c0                __bss_end = ABSOLUTE (.)

.system_ram     0x00000000000036c0        0x0
                [!provide]                        PROVIDE (_alt_partition_system_ram_start, ABSOLUTE (.))
 *(.system_ram .system_ram. system_ram.*)
                0x00000000000036c0                . = ALIGN (0x4)
                [!provide]                        PROVIDE (_alt_partition_system_ram_end, ABSOLUTE (.))
                0x00000000000036c0                _end = ABSOLUTE (.)
                0x00000000000036c0                end = ABSOLUTE (.)
                0x00000000000036c0                __alt_stack_base = ABSOLUTE (.)
                [!provide]                        PROVIDE (_alt_partition_system_ram_load_addr, LOADADDR (.system_ram))

.rx_buf_ram     0x0000000000005400        0x0 load address 0x00000000000036c0
                [!provide]                        PROVIDE (_alt_partition_rx_buf_ram_start, ABSOLUTE (.))
 *(.rx_buf_ram .rx_buf_ram. rx_buf_ram.*)
                0x0000000000005400                . = ALIGN (0x4)
                [!provide]                        PROVIDE (_alt_partition_rx_buf_ram_end, ABSOLUTE (.))
                [!provide]                        PROVIDE (_alt_partition_rx_buf_ram_load_addr, LOADADDR (.rx_buf_ram))

.header_ram     0x0000000000005600        0x0 load address 0x00000000000036c0
                [!provide]                        PROVIDE (_alt_partition_header_ram_start, ABSOLUTE (.))
 *(.header_ram .header_ram. header_ram.*)
                0x0000000000005600                . = ALIGN (0x4)
                [!provide]                        PROVIDE (_alt_partition_header_ram_end, ABSOLUTE (.))
                [!provide]                        PROVIDE (_alt_partition_header_ram_load_addr, LOADADDR (.header_ram))

.stab
 *(.stab)

.stabstr
 *(.stabstr)

.stab.excl
 *(.stab.excl)

.stab.exclstr
 *(.stab.exclstr)

.stab.index
 *(.stab.index)

.stab.indexstr
 *(.stab.indexstr)

.comment        0x0000000000000000       0x23
 *(.comment)
 .comment       0x0000000000000000       0x23 obj/default/hello_world_small.o
                                         0x24 (size before relaxing)
 .comment       0x0000000000000023       0x24 d:/intelfpga/18.0/nios2eds/bin/gnu/h-x86_64-mingw32/bin/../lib/gcc/nios2-elf/5.3.0/../../../../../H-x86_64-mingw32/nios2-elf/lib\libsmallc.a(lib_a-memcmp.o)
 .comment       0x0000000000000023       0x24 d:/intelfpga/18.0/nios2eds/bin/gnu/h-x86_64-mingw32/bin/../lib/gcc/nios2-elf/5.3.0/../../../../../H-x86_64-mingw32/nios2-elf/lib\libsmallc.a(lib_a-memcpy.o)
 .comment       0x0000000000000023       0x24 d:/intelfpga/18.0/nios2eds/bin/gnu/h-x86_64-mingw32/bin/../lib/gcc/nios2-elf/5.3.0/../../../../../H-x86_64-mingw32/nios2-elf/lib\libsmallc.a(lib_a-memset.o)
 .comment       0x0000000000000023       0x24 ../eth_3_bsp/\libhal_bsp.a(alt_dcache_flush_all.o)
 .comment       0x0000000000000023       0x24 ../eth_3_bsp/\libhal_bsp.a(alt_iic.o)
 .comment       0x0000000000000023       0x24 ../eth_3_bsp/\libhal_bsp.a(alt_iic_isr_register.o)
 .comment       0x0000000000000023       0x24 ../eth_3_bsp/\libhal_bsp.a(alt_irq_handler.o)
 .comment       0x0000000000000023       0x24 ../eth_3_bsp/\libhal_bsp.a(alt_irq_vars.o)
 .comment       0x0000000000000023       0x24 ../eth_3_bsp/\libhal_bsp.a(alt_load.o)
 .comment       0x0000000000000023       0x24 ../eth_3_bsp/\libhal_bsp.a(alt_main.o)
 .comment       0x0000000000000023       0x24 ../eth_3_bsp/\libhal_bsp.a(alt_sys_init.o)
 .comment       0x0000000000000023       0x24 ../eth_3_bsp/\libhal_bsp.a(altera_avalon_sgdma.o)
 .comment       0x0000000000000023       0x24 ../eth_3_bsp/\libhal_bsp.a(alt_dcache_flush.o)
 .comment       0x0000000000000023       0x24 ../eth_3_bsp/\libhal_bsp.a(alt_dev_llist_insert.o)
 .comment       0x0000000000000023       0x24 ../eth_3_bsp/\libhal_bsp.a(alt_errno.o)
 .comment       0x0000000000000023       0x24 ../eth_3_bsp/\libhal_bsp.a(alt_find_dev.o)
 .comment       0x0000000000000023       0x24 ../eth_3_bsp/\libhal_bsp.a(alt_icache_flush_all.o)
 .comment       0x0000000000000023       0x24 ../eth_3_bsp/\libhal_bsp.a(alt_instruction_exception_entry.o)
 .comment       0x0000000000000023       0x24 ../eth_3_bsp/\libhal_bsp.a(altera_nios2_gen2_irq.o)
 .comment       0x0000000000000023       0x24 ../eth_3_bsp/\libhal_bsp.a(alt_icache_flush.o)
 .comment       0x0000000000000023       0x24 d:/intelfpga/18.0/nios2eds/bin/gnu/h-x86_64-mingw32/bin/../lib/gcc/nios2-elf/5.3.0/../../../../../H-x86_64-mingw32/nios2-elf/lib\libsmallc.a(lib_a-int_errno.o)
 .comment       0x0000000000000023       0x24 d:/intelfpga/18.0/nios2eds/bin/gnu/h-x86_64-mingw32/bin/../lib/gcc/nios2-elf/5.3.0/../../../../../H-x86_64-mingw32/nios2-elf/lib\libsmallc.a(lib_a-strlen.o)

.debug
 *(.debug)

.line
 *(.line)

.debug_srcinfo
 *(.debug_srcinfo)

.debug_sfnames
 *(.debug_sfnames)

.debug_aranges  0x0000000000000000      0x368
 *(.debug_aranges)
 .debug_aranges
                0x0000000000000000       0x28 ../eth_3_bsp//obj/HAL/src/crt0.o
 .debug_aranges
                0x0000000000000028       0x28 obj/default/hello_world_small.o
 .debug_aranges
                0x0000000000000050       0x20 d:/intelfpga/18.0/nios2eds/bin/gnu/h-x86_64-mingw32/bin/../lib/gcc/nios2-elf/5.3.0/../../../../../H-x86_64-mingw32/nios2-elf/lib\libsmallc.a(lib_a-memcmp.o)
 .debug_aranges
                0x0000000000000070       0x20 d:/intelfpga/18.0/nios2eds/bin/gnu/h-x86_64-mingw32/bin/../lib/gcc/nios2-elf/5.3.0/../../../../../H-x86_64-mingw32/nios2-elf/lib\libsmallc.a(lib_a-memcpy.o)
 .debug_aranges
                0x0000000000000090       0x20 d:/intelfpga/18.0/nios2eds/bin/gnu/h-x86_64-mingw32/bin/../lib/gcc/nios2-elf/5.3.0/../../../../../H-x86_64-mingw32/nios2-elf/lib\libsmallc.a(lib_a-memset.o)
 .debug_aranges
                0x00000000000000b0       0x20 ../eth_3_bsp/\libhal_bsp.a(alt_dcache_flush_all.o)
 .debug_aranges
                0x00000000000000d0       0x20 ../eth_3_bsp/\libhal_bsp.a(alt_iic.o)
 .debug_aranges
                0x00000000000000f0       0x20 ../eth_3_bsp/\libhal_bsp.a(alt_iic_isr_register.o)
 .debug_aranges
                0x0000000000000110       0x30 ../eth_3_bsp/\libhal_bsp.a(alt_irq_entry.o)
 .debug_aranges
                0x0000000000000140       0x20 ../eth_3_bsp/\libhal_bsp.a(alt_irq_handler.o)
 .debug_aranges
                0x0000000000000160       0x18 ../eth_3_bsp/\libhal_bsp.a(alt_irq_vars.o)
 .debug_aranges
                0x0000000000000178       0x20 ../eth_3_bsp/\libhal_bsp.a(alt_load.o)
 .debug_aranges
                0x0000000000000198       0x20 ../eth_3_bsp/\libhal_bsp.a(alt_main.o)
 .debug_aranges
                0x00000000000001b8       0x20 ../eth_3_bsp/\libhal_bsp.a(alt_sys_init.o)
 .debug_aranges
                0x00000000000001d8       0x20 ../eth_3_bsp/\libhal_bsp.a(altera_avalon_sgdma.o)
 .debug_aranges
                0x00000000000001f8       0x20 ../eth_3_bsp/\libhal_bsp.a(alt_dcache_flush.o)
 .debug_aranges
                0x0000000000000218       0x20 ../eth_3_bsp/\libhal_bsp.a(alt_dev_llist_insert.o)
 .debug_aranges
                0x0000000000000238       0x18 ../eth_3_bsp/\libhal_bsp.a(alt_errno.o)
 .debug_aranges
                0x0000000000000250       0x38 ../eth_3_bsp/\libhal_bsp.a(alt_exception_entry.o)
 .debug_aranges
                0x0000000000000288       0x20 ../eth_3_bsp/\libhal_bsp.a(alt_find_dev.o)
 .debug_aranges
                0x00000000000002a8       0x20 ../eth_3_bsp/\libhal_bsp.a(alt_icache_flush_all.o)
 .debug_aranges
                0x00000000000002c8       0x28 ../eth_3_bsp/\libhal_bsp.a(alt_instruction_exception_entry.o)
 .debug_aranges
                0x00000000000002f0       0x20 ../eth_3_bsp/\libhal_bsp.a(altera_nios2_gen2_irq.o)
 .debug_aranges
                0x0000000000000310       0x20 ../eth_3_bsp/\libhal_bsp.a(alt_icache_flush.o)
 .debug_aranges
                0x0000000000000330       0x18 d:/intelfpga/18.0/nios2eds/bin/gnu/h-x86_64-mingw32/bin/../lib/gcc/nios2-elf/5.3.0/../../../../../H-x86_64-mingw32/nios2-elf/lib\libsmallc.a(lib_a-int_errno.o)
 .debug_aranges
                0x0000000000000348       0x20 d:/intelfpga/18.0/nios2eds/bin/gnu/h-x86_64-mingw32/bin/../lib/gcc/nios2-elf/5.3.0/../../../../../H-x86_64-mingw32/nios2-elf/lib\libsmallc.a(lib_a-strlen.o)

.debug_pubnames
 *(.debug_pubnames)

.debug_info     0x0000000000000000     0x3ade
 *(.debug_info .gnu.linkonce.wi.*)
 .debug_info    0x0000000000000000       0x79 ../eth_3_bsp//obj/HAL/src/crt0.o
 .debug_info    0x0000000000000079      0xd98 obj/default/hello_world_small.o
 .debug_info    0x0000000000000e11       0xf4 d:/intelfpga/18.0/nios2eds/bin/gnu/h-x86_64-mingw32/bin/../lib/gcc/nios2-elf/5.3.0/../../../../../H-x86_64-mingw32/nios2-elf/lib\libsmallc.a(lib_a-memcmp.o)
 .debug_info    0x0000000000000f05      0x119 d:/intelfpga/18.0/nios2eds/bin/gnu/h-x86_64-mingw32/bin/../lib/gcc/nios2-elf/5.3.0/../../../../../H-x86_64-mingw32/nios2-elf/lib\libsmallc.a(lib_a-memcpy.o)
 .debug_info    0x000000000000101e       0xdc d:/intelfpga/18.0/nios2eds/bin/gnu/h-x86_64-mingw32/bin/../lib/gcc/nios2-elf/5.3.0/../../../../../H-x86_64-mingw32/nios2-elf/lib\libsmallc.a(lib_a-memset.o)
 .debug_info    0x00000000000010fa       0xa6 ../eth_3_bsp/\libhal_bsp.a(alt_dcache_flush_all.o)
 .debug_info    0x00000000000011a0      0x38a ../eth_3_bsp/\libhal_bsp.a(alt_iic.o)
 .debug_info    0x000000000000152a      0x232 ../eth_3_bsp/\libhal_bsp.a(alt_iic_isr_register.o)
 .debug_info    0x000000000000175c       0x82 ../eth_3_bsp/\libhal_bsp.a(alt_irq_entry.o)
 .debug_info    0x00000000000017de      0x184 ../eth_3_bsp/\libhal_bsp.a(alt_irq_handler.o)
 .debug_info    0x0000000000001962       0x88 ../eth_3_bsp/\libhal_bsp.a(alt_irq_vars.o)
 .debug_info    0x00000000000019ea      0x1c9 ../eth_3_bsp/\libhal_bsp.a(alt_load.o)
 .debug_info    0x0000000000001bb3      0x169 ../eth_3_bsp/\libhal_bsp.a(alt_main.o)
 .debug_info    0x0000000000001d1c      0x396 ../eth_3_bsp/\libhal_bsp.a(alt_sys_init.o)
 .debug_info    0x00000000000020b2      0xdcd ../eth_3_bsp/\libhal_bsp.a(altera_avalon_sgdma.o)
 .debug_info    0x0000000000002e7f       0xde ../eth_3_bsp/\libhal_bsp.a(alt_dcache_flush.o)
 .debug_info    0x0000000000002f5d      0x1b3 ../eth_3_bsp/\libhal_bsp.a(alt_dev_llist_insert.o)
 .debug_info    0x0000000000003110       0xa6 ../eth_3_bsp/\libhal_bsp.a(alt_errno.o)
 .debug_info    0x00000000000031b6       0x88 ../eth_3_bsp/\libhal_bsp.a(alt_exception_entry.o)
 .debug_info    0x000000000000323e      0x32d ../eth_3_bsp/\libhal_bsp.a(alt_find_dev.o)
 .debug_info    0x000000000000356b       0xb8 ../eth_3_bsp/\libhal_bsp.a(alt_icache_flush_all.o)
 .debug_info    0x0000000000003623      0x1f8 ../eth_3_bsp/\libhal_bsp.a(alt_instruction_exception_entry.o)
 .debug_info    0x000000000000381b       0x92 ../eth_3_bsp/\libhal_bsp.a(altera_nios2_gen2_irq.o)
 .debug_info    0x00000000000038ad       0xde ../eth_3_bsp/\libhal_bsp.a(alt_icache_flush.o)
 .debug_info    0x000000000000398b       0x8a d:/intelfpga/18.0/nios2eds/bin/gnu/h-x86_64-mingw32/bin/../lib/gcc/nios2-elf/5.3.0/../../../../../H-x86_64-mingw32/nios2-elf/lib\libsmallc.a(lib_a-int_errno.o)
 .debug_info    0x0000000000003a15       0xc9 d:/intelfpga/18.0/nios2eds/bin/gnu/h-x86_64-mingw32/bin/../lib/gcc/nios2-elf/5.3.0/../../../../../H-x86_64-mingw32/nios2-elf/lib\libsmallc.a(lib_a-strlen.o)

.debug_abbrev   0x0000000000000000     0x157e
 *(.debug_abbrev)
 .debug_abbrev  0x0000000000000000       0x12 ../eth_3_bsp//obj/HAL/src/crt0.o
 .debug_abbrev  0x0000000000000012      0x29f obj/default/hello_world_small.o
 .debug_abbrev  0x00000000000002b1       0x7f d:/intelfpga/18.0/nios2eds/bin/gnu/h-x86_64-mingw32/bin/../lib/gcc/nios2-elf/5.3.0/../../../../../H-x86_64-mingw32/nios2-elf/lib\libsmallc.a(lib_a-memcmp.o)
 .debug_abbrev  0x0000000000000330       0x9c d:/intelfpga/18.0/nios2eds/bin/gnu/h-x86_64-mingw32/bin/../lib/gcc/nios2-elf/5.3.0/../../../../../H-x86_64-mingw32/nios2-elf/lib\libsmallc.a(lib_a-memcpy.o)
 .debug_abbrev  0x00000000000003cc       0x8e d:/intelfpga/18.0/nios2eds/bin/gnu/h-x86_64-mingw32/bin/../lib/gcc/nios2-elf/5.3.0/../../../../../H-x86_64-mingw32/nios2-elf/lib\libsmallc.a(lib_a-memset.o)
 .debug_abbrev  0x000000000000045a       0x5a ../eth_3_bsp/\libhal_bsp.a(alt_dcache_flush_all.o)
 .debug_abbrev  0x00000000000004b4      0x1a0 ../eth_3_bsp/\libhal_bsp.a(alt_iic.o)
 .debug_abbrev  0x0000000000000654      0x19c ../eth_3_bsp/\libhal_bsp.a(alt_iic_isr_register.o)
 .debug_abbrev  0x00000000000007f0       0x12 ../eth_3_bsp/\libhal_bsp.a(alt_irq_entry.o)
 .debug_abbrev  0x0000000000000802      0x120 ../eth_3_bsp/\libhal_bsp.a(alt_irq_handler.o)
 .debug_abbrev  0x0000000000000922       0x40 ../eth_3_bsp/\libhal_bsp.a(alt_irq_vars.o)
 .debug_abbrev  0x0000000000000962       0xd8 ../eth_3_bsp/\libhal_bsp.a(alt_load.o)
 .debug_abbrev  0x0000000000000a3a       0xee ../eth_3_bsp/\libhal_bsp.a(alt_main.o)
 .debug_abbrev  0x0000000000000b28      0x150 ../eth_3_bsp/\libhal_bsp.a(alt_sys_init.o)
 .debug_abbrev  0x0000000000000c78      0x2e4 ../eth_3_bsp/\libhal_bsp.a(altera_avalon_sgdma.o)
 .debug_abbrev  0x0000000000000f5c       0x9b ../eth_3_bsp/\libhal_bsp.a(alt_dcache_flush.o)
 .debug_abbrev  0x0000000000000ff7      0x11c ../eth_3_bsp/\libhal_bsp.a(alt_dev_llist_insert.o)
 .debug_abbrev  0x0000000000001113       0x5a ../eth_3_bsp/\libhal_bsp.a(alt_errno.o)
 .debug_abbrev  0x000000000000116d       0x12 ../eth_3_bsp/\libhal_bsp.a(alt_exception_entry.o)
 .debug_abbrev  0x000000000000117f      0x125 ../eth_3_bsp/\libhal_bsp.a(alt_find_dev.o)
 .debug_abbrev  0x00000000000012a4       0x6f ../eth_3_bsp/\libhal_bsp.a(alt_icache_flush_all.o)
 .debug_abbrev  0x0000000000001313       0xd8 ../eth_3_bsp/\libhal_bsp.a(alt_instruction_exception_entry.o)
 .debug_abbrev  0x00000000000013eb       0x42 ../eth_3_bsp/\libhal_bsp.a(altera_nios2_gen2_irq.o)
 .debug_abbrev  0x000000000000142d       0x9b ../eth_3_bsp/\libhal_bsp.a(alt_icache_flush.o)
 .debug_abbrev  0x00000000000014c8       0x37 d:/intelfpga/18.0/nios2eds/bin/gnu/h-x86_64-mingw32/bin/../lib/gcc/nios2-elf/5.3.0/../../../../../H-x86_64-mingw32/nios2-elf/lib\libsmallc.a(lib_a-int_errno.o)
 .debug_abbrev  0x00000000000014ff       0x7f d:/intelfpga/18.0/nios2eds/bin/gnu/h-x86_64-mingw32/bin/../lib/gcc/nios2-elf/5.3.0/../../../../../H-x86_64-mingw32/nios2-elf/lib\libsmallc.a(lib_a-strlen.o)

.debug_line     0x0000000000000000     0x16f0
 *(.debug_line)
 .debug_line    0x0000000000000000       0x72 ../eth_3_bsp//obj/HAL/src/crt0.o
 .debug_line    0x0000000000000072      0x2aa obj/default/hello_world_small.o
 .debug_line    0x000000000000031c      0x15d d:/intelfpga/18.0/nios2eds/bin/gnu/h-x86_64-mingw32/bin/../lib/gcc/nios2-elf/5.3.0/../../../../../H-x86_64-mingw32/nios2-elf/lib\libsmallc.a(lib_a-memcmp.o)
 .debug_line    0x0000000000000479      0x15b d:/intelfpga/18.0/nios2eds/bin/gnu/h-x86_64-mingw32/bin/../lib/gcc/nios2-elf/5.3.0/../../../../../H-x86_64-mingw32/nios2-elf/lib\libsmallc.a(lib_a-memcpy.o)
 .debug_line    0x00000000000005d4      0x15a d:/intelfpga/18.0/nios2eds/bin/gnu/h-x86_64-mingw32/bin/../lib/gcc/nios2-elf/5.3.0/../../../../../H-x86_64-mingw32/nios2-elf/lib\libsmallc.a(lib_a-memset.o)
 .debug_line    0x000000000000072e       0x5a ../eth_3_bsp/\libhal_bsp.a(alt_dcache_flush_all.o)
 .debug_line    0x0000000000000788       0xf1 ../eth_3_bsp/\libhal_bsp.a(alt_iic.o)
 .debug_line    0x0000000000000879       0xd6 ../eth_3_bsp/\libhal_bsp.a(alt_iic_isr_register.o)
 .debug_line    0x000000000000094f       0x6b ../eth_3_bsp/\libhal_bsp.a(alt_irq_entry.o)
 .debug_line    0x00000000000009ba       0xa5 ../eth_3_bsp/\libhal_bsp.a(alt_irq_handler.o)
 .debug_line    0x0000000000000a5f       0x50 ../eth_3_bsp/\libhal_bsp.a(alt_irq_vars.o)
 .debug_line    0x0000000000000aaf       0xa4 ../eth_3_bsp/\libhal_bsp.a(alt_load.o)
 .debug_line    0x0000000000000b53       0xbd ../eth_3_bsp/\libhal_bsp.a(alt_main.o)
 .debug_line    0x0000000000000c10      0x15f ../eth_3_bsp/\libhal_bsp.a(alt_sys_init.o)
 .debug_line    0x0000000000000d6f      0x273 ../eth_3_bsp/\libhal_bsp.a(altera_avalon_sgdma.o)
 .debug_line    0x0000000000000fe2       0x7a ../eth_3_bsp/\libhal_bsp.a(alt_dcache_flush.o)
 .debug_line    0x000000000000105c       0xd8 ../eth_3_bsp/\libhal_bsp.a(alt_dev_llist_insert.o)
 .debug_line    0x0000000000001134       0x51 ../eth_3_bsp/\libhal_bsp.a(alt_errno.o)
 .debug_line    0x0000000000001185       0xb3 ../eth_3_bsp/\libhal_bsp.a(alt_exception_entry.o)
 .debug_line    0x0000000000001238      0x102 ../eth_3_bsp/\libhal_bsp.a(alt_find_dev.o)
 .debug_line    0x000000000000133a       0x6e ../eth_3_bsp/\libhal_bsp.a(alt_icache_flush_all.o)
 .debug_line    0x00000000000013a8       0xc6 ../eth_3_bsp/\libhal_bsp.a(alt_instruction_exception_entry.o)
 .debug_line    0x000000000000146e       0x50 ../eth_3_bsp/\libhal_bsp.a(altera_nios2_gen2_irq.o)
 .debug_line    0x00000000000014be       0x7d ../eth_3_bsp/\libhal_bsp.a(alt_icache_flush.o)
 .debug_line    0x000000000000153b       0x5c d:/intelfpga/18.0/nios2eds/bin/gnu/h-x86_64-mingw32/bin/../lib/gcc/nios2-elf/5.3.0/../../../../../H-x86_64-mingw32/nios2-elf/lib\libsmallc.a(lib_a-int_errno.o)
 .debug_line    0x0000000000001597      0x159 d:/intelfpga/18.0/nios2eds/bin/gnu/h-x86_64-mingw32/bin/../lib/gcc/nios2-elf/5.3.0/../../../../../H-x86_64-mingw32/nios2-elf/lib\libsmallc.a(lib_a-strlen.o)

.debug_frame    0x0000000000000000      0x64c
 *(.debug_frame)
 .debug_frame   0x0000000000000000      0x170 obj/default/hello_world_small.o
 .debug_frame   0x0000000000000170       0x20 d:/intelfpga/18.0/nios2eds/bin/gnu/h-x86_64-mingw32/bin/../lib/gcc/nios2-elf/5.3.0/../../../../../H-x86_64-mingw32/nios2-elf/lib\libsmallc.a(lib_a-memcmp.o)
 .debug_frame   0x0000000000000190       0x20 d:/intelfpga/18.0/nios2eds/bin/gnu/h-x86_64-mingw32/bin/../lib/gcc/nios2-elf/5.3.0/../../../../../H-x86_64-mingw32/nios2-elf/lib\libsmallc.a(lib_a-memcpy.o)
 .debug_frame   0x00000000000001b0       0x20 d:/intelfpga/18.0/nios2eds/bin/gnu/h-x86_64-mingw32/bin/../lib/gcc/nios2-elf/5.3.0/../../../../../H-x86_64-mingw32/nios2-elf/lib\libsmallc.a(lib_a-memset.o)
 .debug_frame   0x00000000000001d0       0x20 ../eth_3_bsp/\libhal_bsp.a(alt_dcache_flush_all.o)
 .debug_frame   0x00000000000001f0       0x50 ../eth_3_bsp/\libhal_bsp.a(alt_iic.o)
 .debug_frame   0x0000000000000240       0x30 ../eth_3_bsp/\libhal_bsp.a(alt_iic_isr_register.o)
 .debug_frame   0x0000000000000270       0x34 ../eth_3_bsp/\libhal_bsp.a(alt_irq_handler.o)
 .debug_frame   0x00000000000002a4       0x30 ../eth_3_bsp/\libhal_bsp.a(alt_load.o)
 .debug_frame   0x00000000000002d4       0x2c ../eth_3_bsp/\libhal_bsp.a(alt_main.o)
 .debug_frame   0x0000000000000300       0x48 ../eth_3_bsp/\libhal_bsp.a(alt_sys_init.o)
 .debug_frame   0x0000000000000348      0x1cc ../eth_3_bsp/\libhal_bsp.a(altera_avalon_sgdma.o)
 .debug_frame   0x0000000000000514       0x20 ../eth_3_bsp/\libhal_bsp.a(alt_dcache_flush.o)
 .debug_frame   0x0000000000000534       0x2c ../eth_3_bsp/\libhal_bsp.a(alt_dev_llist_insert.o)
 .debug_frame   0x0000000000000560       0x3c ../eth_3_bsp/\libhal_bsp.a(alt_find_dev.o)
 .debug_frame   0x000000000000059c       0x20 ../eth_3_bsp/\libhal_bsp.a(alt_icache_flush_all.o)
 .debug_frame   0x00000000000005bc       0x30 ../eth_3_bsp/\libhal_bsp.a(alt_instruction_exception_entry.o)
 .debug_frame   0x00000000000005ec       0x20 ../eth_3_bsp/\libhal_bsp.a(altera_nios2_gen2_irq.o)
 .debug_frame   0x000000000000060c       0x20 ../eth_3_bsp/\libhal_bsp.a(alt_icache_flush.o)
 .debug_frame   0x000000000000062c       0x20 d:/intelfpga/18.0/nios2eds/bin/gnu/h-x86_64-mingw32/bin/../lib/gcc/nios2-elf/5.3.0/../../../../../H-x86_64-mingw32/nios2-elf/lib\libsmallc.a(lib_a-strlen.o)

.debug_str      0x0000000000000000     0x15a8
 *(.debug_str)
 .debug_str     0x0000000000000000      0x5f4 obj/default/hello_world_small.o
                                        0x675 (size before relaxing)
 .debug_str     0x00000000000005f4      0x120 d:/intelfpga/18.0/nios2eds/bin/gnu/h-x86_64-mingw32/bin/../lib/gcc/nios2-elf/5.3.0/../../../../../H-x86_64-mingw32/nios2-elf/lib\libsmallc.a(lib_a-memcmp.o)
                                        0x1c5 (size before relaxing)
 .debug_str     0x0000000000000714       0x4e d:/intelfpga/18.0/nios2eds/bin/gnu/h-x86_64-mingw32/bin/../lib/gcc/nios2-elf/5.3.0/../../../../../H-x86_64-mingw32/nios2-elf/lib\libsmallc.a(lib_a-memcpy.o)
                                        0x1d9 (size before relaxing)
 .debug_str     0x0000000000000762       0x3a d:/intelfpga/18.0/nios2eds/bin/gnu/h-x86_64-mingw32/bin/../lib/gcc/nios2-elf/5.3.0/../../../../../H-x86_64-mingw32/nios2-elf/lib\libsmallc.a(lib_a-memset.o)
                                        0x1c5 (size before relaxing)
 .debug_str     0x000000000000079c       0x64 ../eth_3_bsp/\libhal_bsp.a(alt_dcache_flush_all.o)
                                        0x15d (size before relaxing)
 .debug_str     0x0000000000000800       0xf5 ../eth_3_bsp/\libhal_bsp.a(alt_iic.o)
                                        0x25b (size before relaxing)
 .debug_str     0x00000000000008f5       0x37 ../eth_3_bsp/\libhal_bsp.a(alt_iic_isr_register.o)
                                        0x215 (size before relaxing)
 .debug_str     0x000000000000092c       0x3a ../eth_3_bsp/\libhal_bsp.a(alt_irq_handler.o)
                                        0x19f (size before relaxing)
 .debug_str     0x0000000000000966       0x17 ../eth_3_bsp/\libhal_bsp.a(alt_irq_vars.o)
                                        0x142 (size before relaxing)
 .debug_str     0x000000000000097d      0x13b ../eth_3_bsp/\libhal_bsp.a(alt_load.o)
                                        0x23c (size before relaxing)
 .debug_str     0x0000000000000ab8       0x5e ../eth_3_bsp/\libhal_bsp.a(alt_main.o)
                                        0x1bd (size before relaxing)
 .debug_str     0x0000000000000b16      0x109 ../eth_3_bsp/\libhal_bsp.a(alt_sys_init.o)
                                        0x3e3 (size before relaxing)
 .debug_str     0x0000000000000c1f      0x2bd ../eth_3_bsp/\libhal_bsp.a(altera_avalon_sgdma.o)
                                        0x6df (size before relaxing)
 .debug_str     0x0000000000000edc       0x1b ../eth_3_bsp/\libhal_bsp.a(alt_dcache_flush.o)
                                        0x163 (size before relaxing)
 .debug_str     0x0000000000000ef7       0x30 ../eth_3_bsp/\libhal_bsp.a(alt_dev_llist_insert.o)
                                        0x1cc (size before relaxing)
 .debug_str     0x0000000000000f27       0x14 ../eth_3_bsp/\libhal_bsp.a(alt_errno.o)
                                        0x145 (size before relaxing)
 .debug_str     0x0000000000000f3b       0x78 ../eth_3_bsp/\libhal_bsp.a(alt_find_dev.o)
                                        0x202 (size before relaxing)
 .debug_str     0x0000000000000fb3       0x30 ../eth_3_bsp/\libhal_bsp.a(alt_icache_flush_all.o)
                                        0x16e (size before relaxing)
 .debug_str     0x0000000000000fe3      0x48b ../eth_3_bsp/\libhal_bsp.a(alt_instruction_exception_entry.o)
                                        0x5a8 (size before relaxing)
 .debug_str     0x000000000000146e       0x20 ../eth_3_bsp/\libhal_bsp.a(altera_nios2_gen2_irq.o)
                                        0x164 (size before relaxing)
 .debug_str     0x000000000000148e       0x1b ../eth_3_bsp/\libhal_bsp.a(alt_icache_flush.o)
                                        0x163 (size before relaxing)
 .debug_str     0x00000000000014a9       0xc5 d:/intelfpga/18.0/nios2eds/bin/gnu/h-x86_64-mingw32/bin/../lib/gcc/nios2-elf/5.3.0/../../../../../H-x86_64-mingw32/nios2-elf/lib\libsmallc.a(lib_a-int_errno.o)
                                        0x1be (size before relaxing)
 .debug_str     0x000000000000156e       0x3a d:/intelfpga/18.0/nios2eds/bin/gnu/h-x86_64-mingw32/bin/../lib/gcc/nios2-elf/5.3.0/../../../../../H-x86_64-mingw32/nios2-elf/lib\libsmallc.a(lib_a-strlen.o)
                                        0x1cb (size before relaxing)

.debug_loc      0x0000000000000000     0x175f
 *(.debug_loc)
 .debug_loc     0x0000000000000000      0x445 obj/default/hello_world_small.o
 .debug_loc     0x0000000000000445       0x94 d:/intelfpga/18.0/nios2eds/bin/gnu/h-x86_64-mingw32/bin/../lib/gcc/nios2-elf/5.3.0/../../../../../H-x86_64-mingw32/nios2-elf/lib\libsmallc.a(lib_a-memcmp.o)
 .debug_loc     0x00000000000004d9      0x135 d:/intelfpga/18.0/nios2eds/bin/gnu/h-x86_64-mingw32/bin/../lib/gcc/nios2-elf/5.3.0/../../../../../H-x86_64-mingw32/nios2-elf/lib\libsmallc.a(lib_a-memcpy.o)
 .debug_loc     0x000000000000060e       0xa5 d:/intelfpga/18.0/nios2eds/bin/gnu/h-x86_64-mingw32/bin/../lib/gcc/nios2-elf/5.3.0/../../../../../H-x86_64-mingw32/nios2-elf/lib\libsmallc.a(lib_a-memset.o)
 .debug_loc     0x00000000000006b3       0x1f ../eth_3_bsp/\libhal_bsp.a(alt_dcache_flush_all.o)
 .debug_loc     0x00000000000006d2      0x170 ../eth_3_bsp/\libhal_bsp.a(alt_iic.o)
 .debug_loc     0x0000000000000842      0x193 ../eth_3_bsp/\libhal_bsp.a(alt_iic_isr_register.o)
 .debug_loc     0x00000000000009d5       0x72 ../eth_3_bsp/\libhal_bsp.a(alt_irq_handler.o)
 .debug_loc     0x0000000000000a47       0x21 ../eth_3_bsp/\libhal_bsp.a(alt_sys_init.o)
 .debug_loc     0x0000000000000a68      0xa7c ../eth_3_bsp/\libhal_bsp.a(altera_avalon_sgdma.o)
 .debug_loc     0x00000000000014e4       0x60 ../eth_3_bsp/\libhal_bsp.a(alt_dcache_flush.o)
 .debug_loc     0x0000000000001544       0x7e ../eth_3_bsp/\libhal_bsp.a(alt_dev_llist_insert.o)
 .debug_loc     0x00000000000015c2       0x7e ../eth_3_bsp/\libhal_bsp.a(alt_find_dev.o)
 .debug_loc     0x0000000000001640       0xaf ../eth_3_bsp/\libhal_bsp.a(alt_instruction_exception_entry.o)
 .debug_loc     0x00000000000016ef       0x52 ../eth_3_bsp/\libhal_bsp.a(alt_icache_flush.o)
 .debug_loc     0x0000000000001741       0x1e d:/intelfpga/18.0/nios2eds/bin/gnu/h-x86_64-mingw32/bin/../lib/gcc/nios2-elf/5.3.0/../../../../../H-x86_64-mingw32/nios2-elf/lib\libsmallc.a(lib_a-strlen.o)

.debug_macinfo
 *(.debug_macinfo)

.debug_weaknames
 *(.debug_weaknames)

.debug_funcnames
 *(.debug_funcnames)

.debug_typenames
 *(.debug_typenames)

.debug_varnames
 *(.debug_varnames)

.debug_alt_sim_info
                0x0000000000000000       0x30
 *(.debug_alt_sim_info)
 .debug_alt_sim_info
                0x0000000000000000       0x30 ../eth_3_bsp//obj/HAL/src/crt0.o
                0x0000000000003ffc                __alt_data_end = 0x3ffc
                0x0000000000003ffc                PROVIDE (__alt_stack_pointer, __alt_data_end)
                [!provide]                        PROVIDE (__alt_stack_limit, __alt_stack_base)
                [!provide]                        PROVIDE (__alt_heap_start, end)
                [!provide]                        PROVIDE (__alt_heap_limit, 0x3ffc)
OUTPUT(eth_3.elf elf32-littlenios2)

.debug_ranges   0x0000000000000000      0x170
 .debug_ranges  0x0000000000000000       0x20 ../eth_3_bsp//obj/HAL/src/crt0.o
 .debug_ranges  0x0000000000000020       0x18 obj/default/hello_world_small.o
 .debug_ranges  0x0000000000000038       0x10 d:/intelfpga/18.0/nios2eds/bin/gnu/h-x86_64-mingw32/bin/../lib/gcc/nios2-elf/5.3.0/../../../../../H-x86_64-mingw32/nios2-elf/lib\libsmallc.a(lib_a-memcmp.o)
 .debug_ranges  0x0000000000000048       0x10 d:/intelfpga/18.0/nios2eds/bin/gnu/h-x86_64-mingw32/bin/../lib/gcc/nios2-elf/5.3.0/../../../../../H-x86_64-mingw32/nios2-elf/lib\libsmallc.a(lib_a-memcpy.o)
 .debug_ranges  0x0000000000000058       0x10 d:/intelfpga/18.0/nios2eds/bin/gnu/h-x86_64-mingw32/bin/../lib/gcc/nios2-elf/5.3.0/../../../../../H-x86_64-mingw32/nios2-elf/lib\libsmallc.a(lib_a-memset.o)
 .debug_ranges  0x0000000000000068       0x28 ../eth_3_bsp/\libhal_bsp.a(alt_irq_entry.o)
 .debug_ranges  0x0000000000000090       0x10 ../eth_3_bsp/\libhal_bsp.a(alt_irq_handler.o)
 .debug_ranges  0x00000000000000a0       0x48 ../eth_3_bsp/\libhal_bsp.a(alt_load.o)
 .debug_ranges  0x00000000000000e8       0x20 ../eth_3_bsp/\libhal_bsp.a(alt_dev_llist_insert.o)
 .debug_ranges  0x0000000000000108       0x30 ../eth_3_bsp/\libhal_bsp.a(alt_exception_entry.o)
 .debug_ranges  0x0000000000000138       0x18 ../eth_3_bsp/\libhal_bsp.a(alt_instruction_exception_entry.o)
 .debug_ranges  0x0000000000000150       0x10 ../eth_3_bsp/\libhal_bsp.a(alt_icache_flush.o)
 .debug_ranges  0x0000000000000160       0x10 d:/intelfpga/18.0/nios2eds/bin/gnu/h-x86_64-mingw32/bin/../lib/gcc/nios2-elf/5.3.0/../../../../../H-x86_64-mingw32/nios2-elf/lib\libsmallc.a(lib_a-strlen.o)
