Archive member included to satisfy reference by file (symbol)

d:/intelfpga/18.0/nios2eds/bin/gnu/h-x86_64-mingw32/bin/../lib/gcc/nios2-elf/5.3.0/../../../../../H-x86_64-mingw32/nios2-elf/lib\libsmallc.a(lib_a-memcmp.o)
                              obj/default/hello_world_small.o (memcmp)
d:/intelfpga/18.0/nios2eds/bin/gnu/h-x86_64-mingw32/bin/../lib/gcc/nios2-elf/5.3.0/../../../../../H-x86_64-mingw32/nios2-elf/lib\libsmallc.a(lib_a-memcpy.o)
                              obj/default/hello_world_small.o (memcpy)
d:/intelfpga/18.0/nios2eds/bin/gnu/h-x86_64-mingw32/bin/../lib/gcc/nios2-elf/5.3.0/../../../../../H-x86_64-mingw32/nios2-elf/lib\libsmallc.a(lib_a-memset.o)
                              obj/default/hello_world_small.o (memset)
../eth_3_bsp/\libhal_bsp.a(alt_dcache_flush_all.o)
                              obj/default/hello_world_small.o (alt_dcache_flush_all)
../eth_3_bsp/\libhal_bsp.a(alt_iic.o)
                              obj/default/hello_world_small.o (alt_ic_isr_register)
../eth_3_bsp/\libhal_bsp.a(alt_iic_isr_register.o)
                              ../eth_3_bsp/\libhal_bsp.a(alt_iic.o) (alt_iic_isr_register)
../eth_3_bsp/\libhal_bsp.a(alt_irq_entry.o)
                              ../eth_3_bsp/\libhal_bsp.a(alt_iic_isr_register.o) (alt_irq_entry)
../eth_3_bsp/\libhal_bsp.a(alt_irq_handler.o)
                              ../eth_3_bsp/\libhal_bsp.a(alt_iic_isr_register.o) (alt_irq_handler)
../eth_3_bsp/\libhal_bsp.a(alt_irq_vars.o)
                              ../eth_3_bsp/\libhal_bsp.a(alt_iic.o) (alt_irq_active)
../eth_3_bsp/\libhal_bsp.a(alt_load.o)
                              ../eth_3_bsp//obj/HAL/src/crt0.o (alt_load)
../eth_3_bsp/\libhal_bsp.a(alt_main.o)
                              ../eth_3_bsp//obj/HAL/src/crt0.o (alt_main)
../eth_3_bsp/\libhal_bsp.a(alt_sys_init.o)
                              ../eth_3_bsp/\libhal_bsp.a(alt_main.o) (alt_irq_init)
../eth_3_bsp/\libhal_bsp.a(altera_avalon_sgdma.o)
                              obj/default/hello_world_small.o (alt_avalon_sgdma_do_async_transfer)
../eth_3_bsp/\libhal_bsp.a(alt_dcache_flush.o)
                              ../eth_3_bsp/\libhal_bsp.a(altera_avalon_sgdma.o) (alt_dcache_flush)
../eth_3_bsp/\libhal_bsp.a(alt_dev_llist_insert.o)
                              ../eth_3_bsp/\libhal_bsp.a(altera_avalon_sgdma.o) (alt_dev_llist_insert)
../eth_3_bsp/\libhal_bsp.a(alt_errno.o)
                              ../eth_3_bsp/\libhal_bsp.a(altera_avalon_sgdma.o) (alt_errno)
../eth_3_bsp/\libhal_bsp.a(alt_exception_entry.o)
                              ../eth_3_bsp/\libhal_bsp.a(alt_irq_entry.o) (alt_exception)
../eth_3_bsp/\libhal_bsp.a(alt_find_dev.o)
                              ../eth_3_bsp/\libhal_bsp.a(altera_avalon_sgdma.o) (alt_find_dev)
../eth_3_bsp/\libhal_bsp.a(alt_icache_flush_all.o)
                              ../eth_3_bsp/\libhal_bsp.a(alt_load.o) (alt_icache_flush_all)
../eth_3_bsp/\libhal_bsp.a(alt_instruction_exception_entry.o)
                              ../eth_3_bsp/\libhal_bsp.a(alt_exception_entry.o) (alt_instruction_exception_entry)
../eth_3_bsp/\libhal_bsp.a(altera_nios2_gen2_irq.o)
                              ../eth_3_bsp/\libhal_bsp.a(alt_sys_init.o) (altera_nios2_gen2_irq_init)
../eth_3_bsp/\libhal_bsp.a(alt_icache_flush.o)
                              ../eth_3_bsp/\libhal_bsp.a(alt_icache_flush_all.o) (alt_icache_flush)
d:/intelfpga/18.0/nios2eds/bin/gnu/h-x86_64-mingw32/bin/../lib/gcc/nios2-elf/5.3.0/../../../../../H-x86_64-mingw32/nios2-elf/lib\libsmallc.a(lib_a-int_errno.o)
                              ../eth_3_bsp/\libhal_bsp.a(altera_avalon_sgdma.o) (errno)
d:/intelfpga/18.0/nios2eds/bin/gnu/h-x86_64-mingw32/bin/../lib/gcc/nios2-elf/5.3.0/../../../../../H-x86_64-mingw32/nios2-elf/lib\libsmallc.a(lib_a-strlen.o)
                              ../eth_3_bsp/\libhal_bsp.a(alt_find_dev.o) (strlen)

Allocating common symbols
Common symbol       size              file

alt_irq             0x100             ../eth_3_bsp/\libhal_bsp.a(alt_irq_handler.o)
errno               0x4               d:/intelfpga/18.0/nios2eds/bin/gnu/h-x86_64-mingw32/bin/../lib/gcc/nios2-elf/5.3.0/../../../../../H-x86_64-mingw32/nios2-elf/lib\libsmallc.a(lib_a-int_errno.o)
tx_descriptor_header
                    0x20              obj/default/hello_world_small.o
rx_descriptor_end   0x20              obj/default/hello_world_small.o
rx_descriptor       0x20              obj/default/hello_world_small.o
sgdma_tx_dev        0x4               obj/default/hello_world_small.o
tx_descriptor_end   0x20              obj/default/hello_world_small.o
tx_descriptor_data  0x20              obj/default/hello_world_small.o
sgdma_rx_dev        0x4               obj/default/hello_world_small.o

Memory Configuration

Name             Origin             Length             Attributes
reset            0x0000000000002000 0x0000000000000020
system_ram       0x0000000000002020 0x0000000000001fdf
rx_buf_ram       0x0000000000005400 0x0000000000000200
header_ram       0x0000000000005600 0x0000000000000100
*default*        0x0000000000000000 0xffffffffffffffff

Linker script and memory map

LOAD ../eth_3_bsp//obj/HAL/src/crt0.o
LOAD obj/default/hello_world_small.o
LOAD d:/intelfpga/18.0/nios2eds/bin/gnu/h-x86_64-mingw32/bin/../lib/gcc/nios2-elf/5.3.0/../../../../../H-x86_64-mingw32/nios2-elf/lib\libstdc++.a
LOAD d:/intelfpga/18.0/nios2eds/bin/gnu/h-x86_64-mingw32/bin/../lib/gcc/nios2-elf/5.3.0/../../../../../H-x86_64-mingw32/nios2-elf/lib\libm.a
LOAD d:/intelfpga/18.0/nios2eds/bin/gnu/h-x86_64-mingw32/bin/../lib/gcc/nios2-elf/5.3.0\libgcc.a
START GROUP
LOAD d:/intelfpga/18.0/nios2eds/bin/gnu/h-x86_64-mingw32/bin/../lib/gcc/nios2-elf/5.3.0/../../../../../H-x86_64-mingw32/nios2-elf/lib\libsmallc.a
LOAD d:/intelfpga/18.0/nios2eds/bin/gnu/h-x86_64-mingw32/bin/../lib/gcc/nios2-elf/5.3.0\libgcc.a
LOAD ../eth_3_bsp/\libhal_bsp.a
LOAD d:/intelfpga/18.0/nios2eds/bin/gnu/h-x86_64-mingw32/bin/../lib/gcc/nios2-elf/5.3.0/../../../../../H-x86_64-mingw32/nios2-elf/lib\libm.a
END GROUP
LOAD d:/intelfpga/18.0/nios2eds/bin/gnu/h-x86_64-mingw32/bin/../lib/gcc/nios2-elf/5.3.0\libgcc.a
                0x0000000000002000                __alt_mem_system_ram = 0x2000
                0x0000000000005400                __alt_mem_rx_buf_ram = 0x5400
                0x0000000000005600                __alt_mem_header_ram = 0x5600

.entry          0x0000000000002000       0x20
 *(.entry)
 .entry         0x0000000000002000       0x20 ../eth_3_bsp//obj/HAL/src/crt0.o
                0x0000000000002000                __reset
                0x000000000000201c                _exit

.exceptions     0x0000000000002020      0x168
                0x0000000000002020                PROVIDE (__ram_exceptions_start, ABSOLUTE (.))
                0x0000000000002020                . = ALIGN (0x20)
 *(.irq)
 *(.exceptions.entry.label)
 .exceptions.entry.label
                0x0000000000002020        0x0 ../eth_3_bsp/\libhal_bsp.a(alt_irq_entry.o)
                0x0000000000002020                alt_irq_entry
 .exceptions.entry.label
                0x0000000000002020        0x0 ../eth_3_bsp/\libhal_bsp.a(alt_exception_entry.o)
                0x0000000000002020                alt_exception
 *(.exceptions.entry.user)
 *(.exceptions.entry.ecc_fatal)
 *(.exceptions.entry)
 .exceptions.entry
                0x0000000000002020       0x54 ../eth_3_bsp/\libhal_bsp.a(alt_exception_entry.o)
 *(.exceptions.irqtest.user)
 *(.exceptions.irqtest)
 .exceptions.irqtest
                0x0000000000002074       0x10 ../eth_3_bsp/\libhal_bsp.a(alt_irq_entry.o)
 *(.exceptions.irqhandler.user)
 *(.exceptions.irqhandler)
 .exceptions.irqhandler
                0x0000000000002084        0x4 ../eth_3_bsp/\libhal_bsp.a(alt_irq_entry.o)
 *(.exceptions.irqreturn.user)
 *(.exceptions.irqreturn)
 .exceptions.irqreturn
                0x0000000000002088        0x4 ../eth_3_bsp/\libhal_bsp.a(alt_irq_entry.o)
 *(.exceptions.notirq.label)
 .exceptions.notirq.label
                0x000000000000208c        0x0 ../eth_3_bsp/\libhal_bsp.a(alt_irq_entry.o)
 *(.exceptions.notirq.user)
 *(.exceptions.notirq)
 .exceptions.notirq
                0x000000000000208c        0x8 ../eth_3_bsp/\libhal_bsp.a(alt_exception_entry.o)
 *(.exceptions.soft.user)
 *(.exceptions.soft)
 *(.exceptions.unknown.user)
 *(.exceptions.unknown)
 .exceptions.unknown
                0x0000000000002094       0x14 ../eth_3_bsp/\libhal_bsp.a(alt_exception_entry.o)
 *(.exceptions.exit.label)
 .exceptions.exit.label
                0x00000000000020a8        0x0 ../eth_3_bsp/\libhal_bsp.a(alt_irq_entry.o)
 .exceptions.exit.label
                0x00000000000020a8        0x0 ../eth_3_bsp/\libhal_bsp.a(alt_exception_entry.o)
 *(.exceptions.exit.user)
 *(.exceptions.exit)
 .exceptions.exit
                0x00000000000020a8       0x54 ../eth_3_bsp/\libhal_bsp.a(alt_exception_entry.o)
 *(.exceptions)
 .exceptions    0x00000000000020fc       0x60 ../eth_3_bsp/\libhal_bsp.a(alt_irq_handler.o)
                0x00000000000020fc                alt_irq_handler
 .exceptions    0x000000000000215c       0x2c ../eth_3_bsp/\libhal_bsp.a(alt_instruction_exception_entry.o)
                0x000000000000215c                alt_instruction_exception_entry
                0x0000000000002188                PROVIDE (__ram_exceptions_end, ABSOLUTE (.))
                0x0000000000002020                PROVIDE (__flash_exceptions_start, LOADADDR (.exceptions))

.text           0x0000000000002188     0x123c
                [!provide]                        PROVIDE (stext, ABSOLUTE (.))
 *(.interp)
 *(.hash)
 *(.dynsym)
 *(.dynstr)
 *(.gnu.version)
 *(.gnu.version_d)
 *(.gnu.version_r)
 *(.rel.init)
 *(.rela.init)
 *(.rel.text .rel.text.* .rel.gnu.linkonce.t.*)
 *(.rela.text .rela.text.* .rela.gnu.linkonce.t.*)
 *(.rel.fini)
 *(.rela.fini)
 *(.rel.rodata .rel.rodata.* .rel.gnu.linkonce.r.*)
 *(.rela.rodata .rela.rodata.* .rela.gnu.linkonce.r.*)
 *(.rel.data .rel.data.* .rel.gnu.linkonce.d.*)
 *(.rela.data .rela.data.* .rela.gnu.linkonce.d.*)
 *(.rel.tdata .rel.tdata.* .rel.gnu.linkonce.td.*)
 *(.rela.tdata .rela.tdata.* .rela.gnu.linkonce.td.*)
 *(.rel.tbss .rel.tbss.* .rel.gnu.linkonce.tb.*)
 *(.rela.tbss .rela.tbss.* .rela.gnu.linkonce.tb.*)
 *(.rel.ctors)
 *(.rela.ctors)
 *(.rel.dtors)
 *(.rela.dtors)
 *(.rel.got)
 *(.rela.got)
 *(.rel.sdata .rel.sdata.* .rel.gnu.linkonce.s.*)
 *(.rela.sdata .rela.sdata.* .rela.gnu.linkonce.s.*)
 *(.rel.sbss .rel.sbss.* .rel.gnu.linkonce.sb.*)
 *(.rela.sbss .rela.sbss.* .rela.gnu.linkonce.sb.*)
 *(.rel.sdata2 .rel.sdata2.* .rel.gnu.linkonce.s2.*)
 *(.rela.sdata2 .rela.sdata2.* .rela.gnu.linkonce.s2.*)
 *(.rel.sbss2 .rel.sbss2.* .rel.gnu.linkonce.sb2.*)
 *(.rela.sbss2 .rela.sbss2.* .rela.gnu.linkonce.sb2.*)
 *(.rel.bss .rel.bss.* .rel.gnu.linkonce.b.*)
 *(.rela.bss .rela.bss.* .rela.gnu.linkonce.b.*)
 *(.rel.plt)
 *(.rela.plt)
 *(.rel.dyn)
 *(.init)
 *(.plt)
 *(.text .stub .text.* .gnu.linkonce.t.*)
 .text          0x0000000000002188       0x4c ../eth_3_bsp//obj/HAL/src/crt0.o
                0x0000000000002188                _start
 .text          0x00000000000021d4      0x704 obj/default/hello_world_small.o
                0x00000000000021d4                timer_irq_handler
                0x00000000000022dc                tse_init
                0x00000000000023e4                timer_init
                0x0000000000002444                open_sgdma
                0x00000000000024dc                create_eth
                0x000000000000251c                create_arp
                0x00000000000025d8                create_ip
                0x000000000000266c                create_udp
                0x00000000000026a8                calculate_checksum
                0x000000000000270c                create_icmp
                0x0000000000002750                sgdma_rx_irq_handler
 .text.startup  0x00000000000028d8       0x5c obj/default/hello_world_small.o
                0x00000000000028d8                main
 .text          0x0000000000002934        0x0 d:/intelfpga/18.0/nios2eds/bin/gnu/h-x86_64-mingw32/bin/../lib/gcc/nios2-elf/5.3.0/../../../../../H-x86_64-mingw32/nios2-elf/lib\libsmallc.a(lib_a-memcmp.o)
 .text.memcmp   0x0000000000002934       0x30 d:/intelfpga/18.0/nios2eds/bin/gnu/h-x86_64-mingw32/bin/../lib/gcc/nios2-elf/5.3.0/../../../../../H-x86_64-mingw32/nios2-elf/lib\libsmallc.a(lib_a-memcmp.o)
                0x0000000000002934                memcmp
 .text          0x0000000000002964        0x0 d:/intelfpga/18.0/nios2eds/bin/gnu/h-x86_64-mingw32/bin/../lib/gcc/nios2-elf/5.3.0/../../../../../H-x86_64-mingw32/nios2-elf/lib\libsmallc.a(lib_a-memcpy.o)
 .text.memcpy   0x0000000000002964       0x28 d:/intelfpga/18.0/nios2eds/bin/gnu/h-x86_64-mingw32/bin/../lib/gcc/nios2-elf/5.3.0/../../../../../H-x86_64-mingw32/nios2-elf/lib\libsmallc.a(lib_a-memcpy.o)
                0x0000000000002964                memcpy
 .text          0x000000000000298c        0x0 d:/intelfpga/18.0/nios2eds/bin/gnu/h-x86_64-mingw32/bin/../lib/gcc/nios2-elf/5.3.0/../../../../../H-x86_64-mingw32/nios2-elf/lib\libsmallc.a(lib_a-memset.o)
 .text.memset   0x000000000000298c       0x20 d:/intelfpga/18.0/nios2eds/bin/gnu/h-x86_64-mingw32/bin/../lib/gcc/nios2-elf/5.3.0/../../../../../H-x86_64-mingw32/nios2-elf/lib\libsmallc.a(lib_a-memset.o)
                0x000000000000298c                memset
 .text          0x00000000000029ac       0x18 ../eth_3_bsp/\libhal_bsp.a(alt_dcache_flush_all.o)
                0x00000000000029ac                alt_dcache_flush_all
 .text          0x00000000000029c4       0x8c ../eth_3_bsp/\libhal_bsp.a(alt_iic.o)
                0x00000000000029c4                alt_ic_isr_register
                0x00000000000029c8                alt_ic_irq_enable
                0x0000000000002a00                alt_ic_irq_disable
                0x0000000000002a38                alt_ic_irq_enabled
 .text          0x0000000000002a50       0x68 ../eth_3_bsp/\libhal_bsp.a(alt_iic_isr_register.o)
                0x0000000000002a50                alt_iic_isr_register
 .text          0x0000000000002ab8        0x0 ../eth_3_bsp/\libhal_bsp.a(alt_irq_entry.o)
 .text          0x0000000000002ab8        0x0 ../eth_3_bsp/\libhal_bsp.a(alt_irq_handler.o)
 .text          0x0000000000002ab8        0x0 ../eth_3_bsp/\libhal_bsp.a(alt_irq_vars.o)
 .text          0x0000000000002ab8       0xe0 ../eth_3_bsp/\libhal_bsp.a(alt_load.o)
                0x0000000000002ab8                alt_load
 .text          0x0000000000002b98       0x2c ../eth_3_bsp/\libhal_bsp.a(alt_main.o)
                0x0000000000002b98                alt_main
 .text          0x0000000000002bc4       0x58 ../eth_3_bsp/\libhal_bsp.a(alt_sys_init.o)
                0x0000000000002bc4                alt_irq_init
                0x0000000000002be4                alt_sys_init
 .text          0x0000000000002c1c      0x5c4 ../eth_3_bsp/\libhal_bsp.a(altera_avalon_sgdma.o)
                0x0000000000002c78                alt_avalon_sgdma_do_async_transfer
                0x0000000000002cf4                alt_avalon_sgdma_do_sync_transfer
                0x0000000000002d74                alt_avalon_sgdma_register_callback
                0x0000000000002d84                alt_avalon_sgdma_start
                0x0000000000002d9c                alt_avalon_sgdma_stop
                0x0000000000002db8                alt_avalon_sgdma_check_descriptor_status
                0x0000000000002de4                alt_avalon_sgdma_open
                0x0000000000002e30                alt_avalon_sgdma_enable_desc_poll
                0x0000000000002e60                alt_avalon_sgdma_disable_desc_poll
                0x0000000000002e80                alt_avalon_sgdma_construct_descriptor_burst
                0x0000000000002f94                alt_avalon_sgdma_construct_mem_to_mem_desc_burst
                0x0000000000002fdc                alt_avalon_sgdma_construct_mem_to_mem_desc
                0x0000000000003014                alt_avalon_sgdma_construct_stream_to_mem_desc_burst
                0x000000000000305c                alt_avalon_sgdma_construct_stream_to_mem_desc
                0x0000000000003084                alt_avalon_sgdma_construct_mem_to_stream_desc_burst
                0x00000000000030d4                alt_avalon_sgdma_construct_mem_to_stream_desc
                0x0000000000003114                alt_avalon_sgdma_construct_descriptor
                0x000000000000315c                alt_avalon_sgdma_init
 .text          0x00000000000031e0       0x28 ../eth_3_bsp/\libhal_bsp.a(alt_dcache_flush.o)
                0x00000000000031e0                alt_dcache_flush
 .text          0x0000000000003208       0x6c ../eth_3_bsp/\libhal_bsp.a(alt_dev_llist_insert.o)
                0x0000000000003208                alt_dev_llist_insert
 .text          0x0000000000003274        0x0 ../eth_3_bsp/\libhal_bsp.a(alt_errno.o)
 .text          0x0000000000003274        0x0 ../eth_3_bsp/\libhal_bsp.a(alt_exception_entry.o)
 .text          0x0000000000003274       0x74 ../eth_3_bsp/\libhal_bsp.a(alt_find_dev.o)
                0x0000000000003274                alt_find_dev
 .text          0x00000000000032e8        0xc ../eth_3_bsp/\libhal_bsp.a(alt_icache_flush_all.o)
                0x00000000000032e8                alt_icache_flush_all
 .text          0x00000000000032f4       0x74 ../eth_3_bsp/\libhal_bsp.a(alt_instruction_exception_entry.o)
                0x00000000000032f4                alt_exception_cause_generated_bad_addr
 .text          0x0000000000003368        0x8 ../eth_3_bsp/\libhal_bsp.a(altera_nios2_gen2_irq.o)
                0x0000000000003368                altera_nios2_gen2_irq_init
 .text          0x0000000000003370       0x38 ../eth_3_bsp/\libhal_bsp.a(alt_icache_flush.o)
                0x0000000000003370                alt_icache_flush
 .text          0x00000000000033a8        0x0 d:/intelfpga/18.0/nios2eds/bin/gnu/h-x86_64-mingw32/bin/../lib/gcc/nios2-elf/5.3.0/../../../../../H-x86_64-mingw32/nios2-elf/lib\libsmallc.a(lib_a-int_errno.o)
 .text          0x00000000000033a8        0x0 d:/intelfpga/18.0/nios2eds/bin/gnu/h-x86_64-mingw32/bin/../lib/gcc/nios2-elf/5.3.0/../../../../../H-x86_64-mingw32/nios2-elf/lib\libsmallc.a(lib_a-strlen.o)
 .text.strlen   0x00000000000033a8       0x1c d:/intelfpga/18.0/nios2eds/bin/gnu/h-x86_64-mingw32/bin/../lib/gcc/nios2-elf/5.3.0/../../../../../H-x86_64-mingw32/nios2-elf/lib\libsmallc.a(lib_a-strlen.o)
                0x00000000000033a8                strlen
 *(.gnu.warning.*)
 *(.fini)
                [!provide]                        PROVIDE (__etext, ABSOLUTE (.))
                [!provide]                        PROVIDE (_etext, ABSOLUTE (.))
                [!provide]                        PROVIDE (etext, ABSOLUTE (.))
 *(.eh_frame_hdr)
                0x00000000000033c4                . = ALIGN (0x4)
                [!provide]                        PROVIDE (__preinit_array_start, ABSOLUTE (.))
 *(.preinit_array)
                [!provide]                        PROVIDE (__preinit_array_end, ABSOLUTE (.))
                [!provide]                        PROVIDE (__init_array_start, ABSOLUTE (.))
 *(.init_array)
                [!provide]                        PROVIDE (__init_array_end, ABSOLUTE (.))
                [!provide]                        PROVIDE (__fini_array_start, ABSOLUTE (.))
 *(.fini_array)
                [!provide]                        PROVIDE (__fini_array_end, ABSOLUTE (.))
 *(.eh_frame)
 *(.gcc_except_table .gcc_except_table.*)
 *(.dynamic)
                [!provide]                        PROVIDE (__CTOR_LIST__, ABSOLUTE (.))
 *(.ctors)
 *(SORT(.ctors.*))
                [!provide]                        PROVIDE (__CTOR_END__, ABSOLUTE (.))
                [!provide]                        PROVIDE (__DTOR_LIST__, ABSOLUTE (.))
 *(.dtors)
 *(SORT(.dtors.*))
                [!provide]                        PROVIDE (__DTOR_END__, ABSOLUTE (.))
 *(.jcr)
                0x00000000000033c4                . = ALIGN (0x4)

.rodata         0x00000000000033c4       0x3c
                0x00000000000033c4                PROVIDE (__ram_rodata_start, ABSOLUTE (.))
                0x00000000000033c4                . = ALIGN (0x4)
 *(.rodata .rodata.* .gnu.linkonce.r.*)
 .rodata.str1.4
                0x00000000000033c4       0x3c obj/default/hello_world_small.o
                                         0x3b (size before relaxing)
 .rodata.str1.4
                0x0000000000003400       0x18 ../eth_3_bsp/\libhal_bsp.a(alt_sys_init.o)
 *(.rodata1)
                0x0000000000003418                . = ALIGN (0x4)
                0x0000000000003418                PROVIDE (__ram_rodata_end, ABSOLUTE (.))
                0x00000000000033c4                PROVIDE (__flash_rodata_start, LOADADDR (.rodata))

.rwdata         0x0000000000003400       0x90 load address 0x0000000000003490
                0x0000000000003400                PROVIDE (__ram_rwdata_start, ABSOLUTE (.))
                0x0000000000003400                . = ALIGN (0x4)
 *(.got.plt)
 *(.got)
 *(.data1)
 *(.data .data.* .gnu.linkonce.d.*)
 .data          0x0000000000003400        0x0 ../eth_3_bsp//obj/HAL/src/crt0.o
 .data          0x0000000000003400        0x0 obj/default/hello_world_small.o
 .data          0x0000000000003400        0x0 d:/intelfpga/18.0/nios2eds/bin/gnu/h-x86_64-mingw32/bin/../lib/gcc/nios2-elf/5.3.0/../../../../../H-x86_64-mingw32/nios2-elf/lib\libsmallc.a(lib_a-memcmp.o)
 .data          0x0000000000003400        0x0 d:/intelfpga/18.0/nios2eds/bin/gnu/h-x86_64-mingw32/bin/../lib/gcc/nios2-elf/5.3.0/../../../../../H-x86_64-mingw32/nios2-elf/lib\libsmallc.a(lib_a-memcpy.o)
 .data          0x0000000000003400        0x0 d:/intelfpga/18.0/nios2eds/bin/gnu/h-x86_64-mingw32/bin/../lib/gcc/nios2-elf/5.3.0/../../../../../H-x86_64-mingw32/nios2-elf/lib\libsmallc.a(lib_a-memset.o)
 .data          0x0000000000003400        0x0 ../eth_3_bsp/\libhal_bsp.a(alt_dcache_flush_all.o)
 .data          0x0000000000003400        0x0 ../eth_3_bsp/\libhal_bsp.a(alt_iic.o)
 .data          0x0000000000003400        0x0 ../eth_3_bsp/\libhal_bsp.a(alt_iic_isr_register.o)
 .data          0x0000000000003400        0x0 ../eth_3_bsp/\libhal_bsp.a(alt_irq_entry.o)
 .data          0x0000000000003400        0x0 ../eth_3_bsp/\libhal_bsp.a(alt_irq_handler.o)
 .data          0x0000000000003400        0x0 ../eth_3_bsp/\libhal_bsp.a(alt_irq_vars.o)
 .data          0x0000000000003400        0x0 ../eth_3_bsp/\libhal_bsp.a(alt_load.o)
 .data          0x0000000000003400        0x0 ../eth_3_bsp/\libhal_bsp.a(alt_main.o)
 .data          0x0000000000003400       0x60 ../eth_3_bsp/\libhal_bsp.a(alt_sys_init.o)
 .data          0x0000000000003460        0x0 ../eth_3_bsp/\libhal_bsp.a(altera_avalon_sgdma.o)
 .data          0x0000000000003460        0x0 ../eth_3_bsp/\libhal_bsp.a(alt_dcache_flush.o)
 .data          0x0000000000003460        0x0 ../eth_3_bsp/\libhal_bsp.a(alt_dev_llist_insert.o)
 .data          0x0000000000003460        0x0 ../eth_3_bsp/\libhal_bsp.a(alt_errno.o)
 .data          0x0000000000003460        0x0 ../eth_3_bsp/\libhal_bsp.a(alt_exception_entry.o)
 .data          0x0000000000003460        0x0 ../eth_3_bsp/\libhal_bsp.a(alt_find_dev.o)
 .data          0x0000000000003460        0x0 ../eth_3_bsp/\libhal_bsp.a(alt_icache_flush_all.o)
 .data          0x0000000000003460        0x0 ../eth_3_bsp/\libhal_bsp.a(alt_instruction_exception_entry.o)
 .data          0x0000000000003460        0x0 ../eth_3_bsp/\libhal_bsp.a(altera_nios2_gen2_irq.o)
 .data          0x0000000000003460        0x0 ../eth_3_bsp/\libhal_bsp.a(alt_icache_flush.o)
 .data          0x0000000000003460        0x0 d:/intelfpga/18.0/nios2eds/bin/gnu/h-x86_64-mingw32/bin/../lib/gcc/nios2-elf/5.3.0/../../../../../H-x86_64-mingw32/nios2-elf/lib\libsmallc.a(lib_a-int_errno.o)
 .data          0x0000000000003460        0x0 d:/intelfpga/18.0/nios2eds/bin/gnu/h-x86_64-mingw32/bin/../lib/gcc/nios2-elf/5.3.0/../../../../../H-x86_64-mingw32/nios2-elf/lib\libsmallc.a(lib_a-strlen.o)
                0x000000000000b460                _gp = ABSOLUTE ((. + 0x8000))
                [!provide]                        PROVIDE (gp, _gp)
 *(.rwdata .rwdata.*)
 *(.sdata .sdata.* .gnu.linkonce.s.*)
 .sdata         0x0000000000003460       0x19 obj/default/hello_world_small.o
                0x0000000000003460                tse
                0x0000000000003464                udp
                0x0000000000003468                icmp
                0x000000000000346c                ip
                0x0000000000003470                arp
                0x0000000000003474                eth
                0x0000000000003478                RTP_PAYLOAD_TYPE
 *fill*         0x0000000000003479        0x3 
 .sdata         0x000000000000347c        0x4 ../eth_3_bsp/\libhal_bsp.a(alt_irq_vars.o)
                0x000000000000347c                alt_priority_mask
 .sdata         0x0000000000003480        0x4 ../eth_3_bsp/\libhal_bsp.a(alt_sys_init.o)
                0x0000000000003480                jtag_uart_0
 .sdata         0x0000000000003484        0x8 ../eth_3_bsp/\libhal_bsp.a(altera_avalon_sgdma.o)
                0x0000000000003484                alt_sgdma_list
 .sdata         0x000000000000348c        0x4 ../eth_3_bsp/\libhal_bsp.a(alt_errno.o)
                0x000000000000348c                alt_errno
 *(.sdata2 .sdata2.* .gnu.linkonce.s2.*)
                0x0000000000003490                . = ALIGN (0x4)
                0x0000000000003490                _edata = ABSOLUTE (.)
                [!provide]                        PROVIDE (edata, ABSOLUTE (.))
                0x0000000000003490                PROVIDE (__ram_rwdata_end, ABSOLUTE (.))
                0x0000000000003490                PROVIDE (__flash_rwdata_start, LOADADDR (.rwdata))

.bss            0x0000000000003520      0x1c4
                0x0000000000003520                __bss_start = ABSOLUTE (.)
                [!provide]                        PROVIDE (__sbss_start, ABSOLUTE (.))
                [!provide]                        PROVIDE (___sbss_start, ABSOLUTE (.))
 *(.dynsbss)
 *(.sbss .sbss.* .gnu.linkonce.sb.*)
 .sbss          0x0000000000003520        0x1 obj/default/hello_world_small.o
                0x0000000000003520                fl_proto
 *fill*         0x0000000000003521        0x3 
 .sbss          0x0000000000003524        0x8 obj/default/hello_world_small.o
                0x0000000000003524                sgdma_tx_dev
                0x0000000000003528                sgdma_rx_dev
 .sbss          0x000000000000352c        0x4 ../eth_3_bsp/\libhal_bsp.a(alt_irq_vars.o)
                0x000000000000352c                alt_irq_active
 .sbss          0x0000000000003530        0xc ../eth_3_bsp/\libhal_bsp.a(alt_main.o)
                0x0000000000003530                alt_envp
                0x0000000000003534                alt_argv
                0x0000000000003538                alt_argc
 .sbss          0x000000000000353c        0x4 ../eth_3_bsp/\libhal_bsp.a(alt_instruction_exception_entry.o)
                0x000000000000353c                alt_instruction_exception_handler
 .sbss          0x0000000000003540        0x4 d:/intelfpga/18.0/nios2eds/bin/gnu/h-x86_64-mingw32/bin/../lib/gcc/nios2-elf/5.3.0/../../../../../H-x86_64-mingw32/nios2-elf/lib\libsmallc.a(lib_a-int_errno.o)
                0x0000000000003540                errno
 *(.sbss2 .sbss2.* .gnu.linkonce.sb2.*)
 *(.scommon)
                [!provide]                        PROVIDE (__sbss_end, ABSOLUTE (.))
                [!provide]                        PROVIDE (___sbss_end, ABSOLUTE (.))
 *(.dynbss)
 *(.bss .bss.* .gnu.linkonce.b.*)
 .bss           0x0000000000003544        0x0 ../eth_3_bsp//obj/HAL/src/crt0.o
 .bss           0x0000000000003544        0x0 obj/default/hello_world_small.o
 .bss           0x0000000000003544        0x0 d:/intelfpga/18.0/nios2eds/bin/gnu/h-x86_64-mingw32/bin/../lib/gcc/nios2-elf/5.3.0/../../../../../H-x86_64-mingw32/nios2-elf/lib\libsmallc.a(lib_a-memcmp.o)
 .bss           0x0000000000003544        0x0 d:/intelfpga/18.0/nios2eds/bin/gnu/h-x86_64-mingw32/bin/../lib/gcc/nios2-elf/5.3.0/../../../../../H-x86_64-mingw32/nios2-elf/lib\libsmallc.a(lib_a-memcpy.o)
 .bss           0x0000000000003544        0x0 d:/intelfpga/18.0/nios2eds/bin/gnu/h-x86_64-mingw32/bin/../lib/gcc/nios2-elf/5.3.0/../../../../../H-x86_64-mingw32/nios2-elf/lib\libsmallc.a(lib_a-memset.o)
 .bss           0x0000000000003544        0x0 ../eth_3_bsp/\libhal_bsp.a(alt_dcache_flush_all.o)
 .bss           0x0000000000003544        0x0 ../eth_3_bsp/\libhal_bsp.a(alt_iic.o)
 .bss           0x0000000000003544        0x0 ../eth_3_bsp/\libhal_bsp.a(alt_iic_isr_register.o)
 .bss           0x0000000000003544        0x0 ../eth_3_bsp/\libhal_bsp.a(alt_irq_entry.o)
 .bss           0x0000000000003544        0x0 ../eth_3_bsp/\libhal_bsp.a(alt_irq_handler.o)
 .bss           0x0000000000003544        0x0 ../eth_3_bsp/\libhal_bsp.a(alt_irq_vars.o)
 .bss           0x0000000000003544        0x0 ../eth_3_bsp/\libhal_bsp.a(alt_load.o)
 .bss           0x0000000000003544        0x0 ../eth_3_bsp/\libhal_bsp.a(alt_main.o)
 .bss           0x0000000000003544        0x0 ../eth_3_bsp/\libhal_bsp.a(alt_sys_init.o)
 .bss           0x0000000000003544        0x0 ../eth_3_bsp/\libhal_bsp.a(altera_avalon_sgdma.o)
 .bss           0x0000000000003544        0x0 ../eth_3_bsp/\libhal_bsp.a(alt_dcache_flush.o)
 .bss           0x0000000000003544        0x0 ../eth_3_bsp/\libhal_bsp.a(alt_dev_llist_insert.o)
 .bss           0x0000000000003544        0x0 ../eth_3_bsp/\libhal_bsp.a(alt_errno.o)
 .bss           0x0000000000003544        0x0 ../eth_3_bsp/\libhal_bsp.a(alt_exception_entry.o)
 .bss           0x0000000000003544        0x0 ../eth_3_bsp/\libhal_bsp.a(alt_find_dev.o)
 .bss           0x0000000000003544        0x0 ../eth_3_bsp/\libhal_bsp.a(alt_icache_flush_all.o)
 .bss           0x0000000000003544        0x0 ../eth_3_bsp/\libhal_bsp.a(alt_instruction_exception_entry.o)
 .bss           0x0000000000003544        0x0 ../eth_3_bsp/\libhal_bsp.a(altera_nios2_gen2_irq.o)
 .bss           0x0000000000003544        0x0 ../eth_3_bsp/\libhal_bsp.a(alt_icache_flush.o)
 .bss           0x0000000000003544        0x0 d:/intelfpga/18.0/nios2eds/bin/gnu/h-x86_64-mingw32/bin/../lib/gcc/nios2-elf/5.3.0/../../../../../H-x86_64-mingw32/nios2-elf/lib\libsmallc.a(lib_a-int_errno.o)
 .bss           0x0000000000003544        0x0 d:/intelfpga/18.0/nios2eds/bin/gnu/h-x86_64-mingw32/bin/../lib/gcc/nios2-elf/5.3.0/../../../../../H-x86_64-mingw32/nios2-elf/lib\libsmallc.a(lib_a-strlen.o)
 *(COMMON)
 COMMON         0x0000000000003544       0xa0 obj/default/hello_world_small.o
                0x0000000000003544                tx_descriptor_header
                0x0000000000003564                rx_descriptor_end
                0x0000000000003584                rx_descriptor
                0x00000000000035a4                tx_descriptor_end
                0x00000000000035c4                tx_descriptor_data
 COMMON         0x00000000000035e4      0x100 ../eth_3_bsp/\libhal_bsp.a(alt_irq_handler.o)
                0x00000000000035e4                alt_irq
                0x00000000000036e4                . = ALIGN (0x4)
                0x00000000000036e4                __bss_end = ABSOLUTE (.)

.system_ram     0x00000000000036e4        0x0
                [!provide]                        PROVIDE (_alt_partition_system_ram_start, ABSOLUTE (.))
 *(.system_ram .system_ram. system_ram.*)
                0x00000000000036e4                . = ALIGN (0x4)
                [!provide]                        PROVIDE (_alt_partition_system_ram_end, ABSOLUTE (.))
                0x00000000000036e4                _end = ABSOLUTE (.)
                0x00000000000036e4                end = ABSOLUTE (.)
                0x00000000000036e4                __alt_stack_base = ABSOLUTE (.)
                [!provide]                        PROVIDE (_alt_partition_system_ram_load_addr, LOADADDR (.system_ram))

.rx_buf_ram     0x0000000000005400        0x0 load address 0x00000000000036e4
                [!provide]                        PROVIDE (_alt_partition_rx_buf_ram_start, ABSOLUTE (.))
 *(.rx_buf_ram .rx_buf_ram. rx_buf_ram.*)
                0x0000000000005400                . = ALIGN (0x4)
                [!provide]                        PROVIDE (_alt_partition_rx_buf_ram_end, ABSOLUTE (.))
                [!provide]                        PROVIDE (_alt_partition_rx_buf_ram_load_addr, LOADADDR (.rx_buf_ram))

.header_ram     0x0000000000005600        0x0 load address 0x00000000000036e4
                [!provide]                        PROVIDE (_alt_partition_header_ram_start, ABSOLUTE (.))
 *(.header_ram .header_ram. header_ram.*)
                0x0000000000005600                . = ALIGN (0x4)
                [!provide]                        PROVIDE (_alt_partition_header_ram_end, ABSOLUTE (.))
                [!provide]                        PROVIDE (_alt_partition_header_ram_load_addr, LOADADDR (.header_ram))

.stab
 *(.stab)

.stabstr
 *(.stabstr)

.stab.excl
 *(.stab.excl)

.stab.exclstr
 *(.stab.exclstr)

.stab.index
 *(.stab.index)

.stab.indexstr
 *(.stab.indexstr)

.comment        0x0000000000000000       0x23
 *(.comment)
 .comment       0x0000000000000000       0x23 obj/default/hello_world_small.o
                                         0x24 (size before relaxing)
 .comment       0x0000000000000023       0x24 d:/intelfpga/18.0/nios2eds/bin/gnu/h-x86_64-mingw32/bin/../lib/gcc/nios2-elf/5.3.0/../../../../../H-x86_64-mingw32/nios2-elf/lib\libsmallc.a(lib_a-memcmp.o)
 .comment       0x0000000000000023       0x24 d:/intelfpga/18.0/nios2eds/bin/gnu/h-x86_64-mingw32/bin/../lib/gcc/nios2-elf/5.3.0/../../../../../H-x86_64-mingw32/nios2-elf/lib\libsmallc.a(lib_a-memcpy.o)
 .comment       0x0000000000000023       0x24 d:/intelfpga/18.0/nios2eds/bin/gnu/h-x86_64-mingw32/bin/../lib/gcc/nios2-elf/5.3.0/../../../../../H-x86_64-mingw32/nios2-elf/lib\libsmallc.a(lib_a-memset.o)
 .comment       0x0000000000000023       0x24 ../eth_3_bsp/\libhal_bsp.a(alt_dcache_flush_all.o)
 .comment       0x0000000000000023       0x24 ../eth_3_bsp/\libhal_bsp.a(alt_iic.o)
 .comment       0x0000000000000023       0x24 ../eth_3_bsp/\libhal_bsp.a(alt_iic_isr_register.o)
 .comment       0x0000000000000023       0x24 ../eth_3_bsp/\libhal_bsp.a(alt_irq_handler.o)
 .comment       0x0000000000000023       0x24 ../eth_3_bsp/\libhal_bsp.a(alt_irq_vars.o)
 .comment       0x0000000000000023       0x24 ../eth_3_bsp/\libhal_bsp.a(alt_load.o)
 .comment       0x0000000000000023       0x24 ../eth_3_bsp/\libhal_bsp.a(alt_main.o)
 .comment       0x0000000000000023       0x24 ../eth_3_bsp/\libhal_bsp.a(alt_sys_init.o)
 .comment       0x0000000000000023       0x24 ../eth_3_bsp/\libhal_bsp.a(altera_avalon_sgdma.o)
 .comment       0x0000000000000023       0x24 ../eth_3_bsp/\libhal_bsp.a(alt_dcache_flush.o)
 .comment       0x0000000000000023       0x24 ../eth_3_bsp/\libhal_bsp.a(alt_dev_llist_insert.o)
 .comment       0x0000000000000023       0x24 ../eth_3_bsp/\libhal_bsp.a(alt_errno.o)
 .comment       0x0000000000000023       0x24 ../eth_3_bsp/\libhal_bsp.a(alt_find_dev.o)
 .comment       0x0000000000000023       0x24 ../eth_3_bsp/\libhal_bsp.a(alt_icache_flush_all.o)
 .comment       0x0000000000000023       0x24 ../eth_3_bsp/\libhal_bsp.a(alt_instruction_exception_entry.o)
 .comment       0x0000000000000023       0x24 ../eth_3_bsp/\libhal_bsp.a(altera_nios2_gen2_irq.o)
 .comment       0x0000000000000023       0x24 ../eth_3_bsp/\libhal_bsp.a(alt_icache_flush.o)
 .comment       0x0000000000000023       0x24 d:/intelfpga/18.0/nios2eds/bin/gnu/h-x86_64-mingw32/bin/../lib/gcc/nios2-elf/5.3.0/../../../../../H-x86_64-mingw32/nios2-elf/lib\libsmallc.a(lib_a-int_errno.o)
 .comment       0x0000000000000023       0x24 d:/intelfpga/18.0/nios2eds/bin/gnu/h-x86_64-mingw32/bin/../lib/gcc/nios2-elf/5.3.0/../../../../../H-x86_64-mingw32/nios2-elf/lib\libsmallc.a(lib_a-strlen.o)

.debug
 *(.debug)

.line
 *(.line)

.debug_srcinfo
 *(.debug_srcinfo)

.debug_sfnames
 *(.debug_sfnames)

.debug_aranges  0x0000000000000000      0x368
 *(.debug_aranges)
 .debug_aranges
                0x0000000000000000       0x28 ../eth_3_bsp//obj/HAL/src/crt0.o
 .debug_aranges
                0x0000000000000028       0x28 obj/default/hello_world_small.o
 .debug_aranges
                0x0000000000000050       0x20 d:/intelfpga/18.0/nios2eds/bin/gnu/h-x86_64-mingw32/bin/../lib/gcc/nios2-elf/5.3.0/../../../../../H-x86_64-mingw32/nios2-elf/lib\libsmallc.a(lib_a-memcmp.o)
 .debug_aranges
                0x0000000000000070       0x20 d:/intelfpga/18.0/nios2eds/bin/gnu/h-x86_64-mingw32/bin/../lib/gcc/nios2-elf/5.3.0/../../../../../H-x86_64-mingw32/nios2-elf/lib\libsmallc.a(lib_a-memcpy.o)
 .debug_aranges
                0x0000000000000090       0x20 d:/intelfpga/18.0/nios2eds/bin/gnu/h-x86_64-mingw32/bin/../lib/gcc/nios2-elf/5.3.0/../../../../../H-x86_64-mingw32/nios2-elf/lib\libsmallc.a(lib_a-memset.o)
 .debug_aranges
                0x00000000000000b0       0x20 ../eth_3_bsp/\libhal_bsp.a(alt_dcache_flush_all.o)
 .debug_aranges
                0x00000000000000d0       0x20 ../eth_3_bsp/\libhal_bsp.a(alt_iic.o)
 .debug_aranges
                0x00000000000000f0       0x20 ../eth_3_bsp/\libhal_bsp.a(alt_iic_isr_register.o)
 .debug_aranges
                0x0000000000000110       0x30 ../eth_3_bsp/\libhal_bsp.a(alt_irq_entry.o)
 .debug_aranges
                0x0000000000000140       0x20 ../eth_3_bsp/\libhal_bsp.a(alt_irq_handler.o)
 .debug_aranges
                0x0000000000000160       0x18 ../eth_3_bsp/\libhal_bsp.a(alt_irq_vars.o)
 .debug_aranges
                0x0000000000000178       0x20 ../eth_3_bsp/\libhal_bsp.a(alt_load.o)
 .debug_aranges
                0x0000000000000198       0x20 ../eth_3_bsp/\libhal_bsp.a(alt_main.o)
 .debug_aranges
                0x00000000000001b8       0x20 ../eth_3_bsp/\libhal_bsp.a(alt_sys_init.o)
 .debug_aranges
                0x00000000000001d8       0x20 ../eth_3_bsp/\libhal_bsp.a(altera_avalon_sgdma.o)
 .debug_aranges
                0x00000000000001f8       0x20 ../eth_3_bsp/\libhal_bsp.a(alt_dcache_flush.o)
 .debug_aranges
                0x0000000000000218       0x20 ../eth_3_bsp/\libhal_bsp.a(alt_dev_llist_insert.o)
 .debug_aranges
                0x0000000000000238       0x18 ../eth_3_bsp/\libhal_bsp.a(alt_errno.o)
 .debug_aranges
                0x0000000000000250       0x38 ../eth_3_bsp/\libhal_bsp.a(alt_exception_entry.o)
 .debug_aranges
                0x0000000000000288       0x20 ../eth_3_bsp/\libhal_bsp.a(alt_find_dev.o)
 .debug_aranges
                0x00000000000002a8       0x20 ../eth_3_bsp/\libhal_bsp.a(alt_icache_flush_all.o)
 .debug_aranges
                0x00000000000002c8       0x28 ../eth_3_bsp/\libhal_bsp.a(alt_instruction_exception_entry.o)
 .debug_aranges
                0x00000000000002f0       0x20 ../eth_3_bsp/\libhal_bsp.a(altera_nios2_gen2_irq.o)
 .debug_aranges
                0x0000000000000310       0x20 ../eth_3_bsp/\libhal_bsp.a(alt_icache_flush.o)
 .debug_aranges
                0x0000000000000330       0x18 d:/intelfpga/18.0/nios2eds/bin/gnu/h-x86_64-mingw32/bin/../lib/gcc/nios2-elf/5.3.0/../../../../../H-x86_64-mingw32/nios2-elf/lib\libsmallc.a(lib_a-int_errno.o)
 .debug_aranges
                0x0000000000000348       0x20 d:/intelfpga/18.0/nios2eds/bin/gnu/h-x86_64-mingw32/bin/../lib/gcc/nios2-elf/5.3.0/../../../../../H-x86_64-mingw32/nios2-elf/lib\libsmallc.a(lib_a-strlen.o)

.debug_pubnames
 *(.debug_pubnames)

.debug_info     0x0000000000000000     0x3af7
 *(.debug_info .gnu.linkonce.wi.*)
 .debug_info    0x0000000000000000       0x79 ../eth_3_bsp//obj/HAL/src/crt0.o
 .debug_info    0x0000000000000079      0xdb1 obj/default/hello_world_small.o
 .debug_info    0x0000000000000e2a       0xf4 d:/intelfpga/18.0/nios2eds/bin/gnu/h-x86_64-mingw32/bin/../lib/gcc/nios2-elf/5.3.0/../../../../../H-x86_64-mingw32/nios2-elf/lib\libsmallc.a(lib_a-memcmp.o)
 .debug_info    0x0000000000000f1e      0x119 d:/intelfpga/18.0/nios2eds/bin/gnu/h-x86_64-mingw32/bin/../lib/gcc/nios2-elf/5.3.0/../../../../../H-x86_64-mingw32/nios2-elf/lib\libsmallc.a(lib_a-memcpy.o)
 .debug_info    0x0000000000001037       0xdc d:/intelfpga/18.0/nios2eds/bin/gnu/h-x86_64-mingw32/bin/../lib/gcc/nios2-elf/5.3.0/../../../../../H-x86_64-mingw32/nios2-elf/lib\libsmallc.a(lib_a-memset.o)
 .debug_info    0x0000000000001113       0xa6 ../eth_3_bsp/\libhal_bsp.a(alt_dcache_flush_all.o)
 .debug_info    0x00000000000011b9      0x38a ../eth_3_bsp/\libhal_bsp.a(alt_iic.o)
 .debug_info    0x0000000000001543      0x232 ../eth_3_bsp/\libhal_bsp.a(alt_iic_isr_register.o)
 .debug_info    0x0000000000001775       0x82 ../eth_3_bsp/\libhal_bsp.a(alt_irq_entry.o)
 .debug_info    0x00000000000017f7      0x184 ../eth_3_bsp/\libhal_bsp.a(alt_irq_handler.o)
 .debug_info    0x000000000000197b       0x88 ../eth_3_bsp/\libhal_bsp.a(alt_irq_vars.o)
 .debug_info    0x0000000000001a03      0x1c9 ../eth_3_bsp/\libhal_bsp.a(alt_load.o)
 .debug_info    0x0000000000001bcc      0x169 ../eth_3_bsp/\libhal_bsp.a(alt_main.o)
 .debug_info    0x0000000000001d35      0x396 ../eth_3_bsp/\libhal_bsp.a(alt_sys_init.o)
 .debug_info    0x00000000000020cb      0xdcd ../eth_3_bsp/\libhal_bsp.a(altera_avalon_sgdma.o)
 .debug_info    0x0000000000002e98       0xde ../eth_3_bsp/\libhal_bsp.a(alt_dcache_flush.o)
 .debug_info    0x0000000000002f76      0x1b3 ../eth_3_bsp/\libhal_bsp.a(alt_dev_llist_insert.o)
 .debug_info    0x0000000000003129       0xa6 ../eth_3_bsp/\libhal_bsp.a(alt_errno.o)
 .debug_info    0x00000000000031cf       0x88 ../eth_3_bsp/\libhal_bsp.a(alt_exception_entry.o)
 .debug_info    0x0000000000003257      0x32d ../eth_3_bsp/\libhal_bsp.a(alt_find_dev.o)
 .debug_info    0x0000000000003584       0xb8 ../eth_3_bsp/\libhal_bsp.a(alt_icache_flush_all.o)
 .debug_info    0x000000000000363c      0x1f8 ../eth_3_bsp/\libhal_bsp.a(alt_instruction_exception_entry.o)
 .debug_info    0x0000000000003834       0x92 ../eth_3_bsp/\libhal_bsp.a(altera_nios2_gen2_irq.o)
 .debug_info    0x00000000000038c6       0xde ../eth_3_bsp/\libhal_bsp.a(alt_icache_flush.o)
 .debug_info    0x00000000000039a4       0x8a d:/intelfpga/18.0/nios2eds/bin/gnu/h-x86_64-mingw32/bin/../lib/gcc/nios2-elf/5.3.0/../../../../../H-x86_64-mingw32/nios2-elf/lib\libsmallc.a(lib_a-int_errno.o)
 .debug_info    0x0000000000003a2e       0xc9 d:/intelfpga/18.0/nios2eds/bin/gnu/h-x86_64-mingw32/bin/../lib/gcc/nios2-elf/5.3.0/../../../../../H-x86_64-mingw32/nios2-elf/lib\libsmallc.a(lib_a-strlen.o)

.debug_abbrev   0x0000000000000000     0x156f
 *(.debug_abbrev)
 .debug_abbrev  0x0000000000000000       0x12 ../eth_3_bsp//obj/HAL/src/crt0.o
 .debug_abbrev  0x0000000000000012      0x290 obj/default/hello_world_small.o
 .debug_abbrev  0x00000000000002a2       0x7f d:/intelfpga/18.0/nios2eds/bin/gnu/h-x86_64-mingw32/bin/../lib/gcc/nios2-elf/5.3.0/../../../../../H-x86_64-mingw32/nios2-elf/lib\libsmallc.a(lib_a-memcmp.o)
 .debug_abbrev  0x0000000000000321       0x9c d:/intelfpga/18.0/nios2eds/bin/gnu/h-x86_64-mingw32/bin/../lib/gcc/nios2-elf/5.3.0/../../../../../H-x86_64-mingw32/nios2-elf/lib\libsmallc.a(lib_a-memcpy.o)
 .debug_abbrev  0x00000000000003bd       0x8e d:/intelfpga/18.0/nios2eds/bin/gnu/h-x86_64-mingw32/bin/../lib/gcc/nios2-elf/5.3.0/../../../../../H-x86_64-mingw32/nios2-elf/lib\libsmallc.a(lib_a-memset.o)
 .debug_abbrev  0x000000000000044b       0x5a ../eth_3_bsp/\libhal_bsp.a(alt_dcache_flush_all.o)
 .debug_abbrev  0x00000000000004a5      0x1a0 ../eth_3_bsp/\libhal_bsp.a(alt_iic.o)
 .debug_abbrev  0x0000000000000645      0x19c ../eth_3_bsp/\libhal_bsp.a(alt_iic_isr_register.o)
 .debug_abbrev  0x00000000000007e1       0x12 ../eth_3_bsp/\libhal_bsp.a(alt_irq_entry.o)
 .debug_abbrev  0x00000000000007f3      0x120 ../eth_3_bsp/\libhal_bsp.a(alt_irq_handler.o)
 .debug_abbrev  0x0000000000000913       0x40 ../eth_3_bsp/\libhal_bsp.a(alt_irq_vars.o)
 .debug_abbrev  0x0000000000000953       0xd8 ../eth_3_bsp/\libhal_bsp.a(alt_load.o)
 .debug_abbrev  0x0000000000000a2b       0xee ../eth_3_bsp/\libhal_bsp.a(alt_main.o)
 .debug_abbrev  0x0000000000000b19      0x150 ../eth_3_bsp/\libhal_bsp.a(alt_sys_init.o)
 .debug_abbrev  0x0000000000000c69      0x2e4 ../eth_3_bsp/\libhal_bsp.a(altera_avalon_sgdma.o)
 .debug_abbrev  0x0000000000000f4d       0x9b ../eth_3_bsp/\libhal_bsp.a(alt_dcache_flush.o)
 .debug_abbrev  0x0000000000000fe8      0x11c ../eth_3_bsp/\libhal_bsp.a(alt_dev_llist_insert.o)
 .debug_abbrev  0x0000000000001104       0x5a ../eth_3_bsp/\libhal_bsp.a(alt_errno.o)
 .debug_abbrev  0x000000000000115e       0x12 ../eth_3_bsp/\libhal_bsp.a(alt_exception_entry.o)
 .debug_abbrev  0x0000000000001170      0x125 ../eth_3_bsp/\libhal_bsp.a(alt_find_dev.o)
 .debug_abbrev  0x0000000000001295       0x6f ../eth_3_bsp/\libhal_bsp.a(alt_icache_flush_all.o)
 .debug_abbrev  0x0000000000001304       0xd8 ../eth_3_bsp/\libhal_bsp.a(alt_instruction_exception_entry.o)
 .debug_abbrev  0x00000000000013dc       0x42 ../eth_3_bsp/\libhal_bsp.a(altera_nios2_gen2_irq.o)
 .debug_abbrev  0x000000000000141e       0x9b ../eth_3_bsp/\libhal_bsp.a(alt_icache_flush.o)
 .debug_abbrev  0x00000000000014b9       0x37 d:/intelfpga/18.0/nios2eds/bin/gnu/h-x86_64-mingw32/bin/../lib/gcc/nios2-elf/5.3.0/../../../../../H-x86_64-mingw32/nios2-elf/lib\libsmallc.a(lib_a-int_errno.o)
 .debug_abbrev  0x00000000000014f0       0x7f d:/intelfpga/18.0/nios2eds/bin/gnu/h-x86_64-mingw32/bin/../lib/gcc/nios2-elf/5.3.0/../../../../../H-x86_64-mingw32/nios2-elf/lib\libsmallc.a(lib_a-strlen.o)

.debug_line     0x0000000000000000     0x16ee
 *(.debug_line)
 .debug_line    0x0000000000000000       0x72 ../eth_3_bsp//obj/HAL/src/crt0.o
 .debug_line    0x0000000000000072      0x2a8 obj/default/hello_world_small.o
 .debug_line    0x000000000000031a      0x15d d:/intelfpga/18.0/nios2eds/bin/gnu/h-x86_64-mingw32/bin/../lib/gcc/nios2-elf/5.3.0/../../../../../H-x86_64-mingw32/nios2-elf/lib\libsmallc.a(lib_a-memcmp.o)
 .debug_line    0x0000000000000477      0x15b d:/intelfpga/18.0/nios2eds/bin/gnu/h-x86_64-mingw32/bin/../lib/gcc/nios2-elf/5.3.0/../../../../../H-x86_64-mingw32/nios2-elf/lib\libsmallc.a(lib_a-memcpy.o)
 .debug_line    0x00000000000005d2      0x15a d:/intelfpga/18.0/nios2eds/bin/gnu/h-x86_64-mingw32/bin/../lib/gcc/nios2-elf/5.3.0/../../../../../H-x86_64-mingw32/nios2-elf/lib\libsmallc.a(lib_a-memset.o)
 .debug_line    0x000000000000072c       0x5a ../eth_3_bsp/\libhal_bsp.a(alt_dcache_flush_all.o)
 .debug_line    0x0000000000000786       0xf1 ../eth_3_bsp/\libhal_bsp.a(alt_iic.o)
 .debug_line    0x0000000000000877       0xd6 ../eth_3_bsp/\libhal_bsp.a(alt_iic_isr_register.o)
 .debug_line    0x000000000000094d       0x6b ../eth_3_bsp/\libhal_bsp.a(alt_irq_entry.o)
 .debug_line    0x00000000000009b8       0xa5 ../eth_3_bsp/\libhal_bsp.a(alt_irq_handler.o)
 .debug_line    0x0000000000000a5d       0x50 ../eth_3_bsp/\libhal_bsp.a(alt_irq_vars.o)
 .debug_line    0x0000000000000aad       0xa4 ../eth_3_bsp/\libhal_bsp.a(alt_load.o)
 .debug_line    0x0000000000000b51       0xbd ../eth_3_bsp/\libhal_bsp.a(alt_main.o)
 .debug_line    0x0000000000000c0e      0x15f ../eth_3_bsp/\libhal_bsp.a(alt_sys_init.o)
 .debug_line    0x0000000000000d6d      0x273 ../eth_3_bsp/\libhal_bsp.a(altera_avalon_sgdma.o)
 .debug_line    0x0000000000000fe0       0x7a ../eth_3_bsp/\libhal_bsp.a(alt_dcache_flush.o)
 .debug_line    0x000000000000105a       0xd8 ../eth_3_bsp/\libhal_bsp.a(alt_dev_llist_insert.o)
 .debug_line    0x0000000000001132       0x51 ../eth_3_bsp/\libhal_bsp.a(alt_errno.o)
 .debug_line    0x0000000000001183       0xb3 ../eth_3_bsp/\libhal_bsp.a(alt_exception_entry.o)
 .debug_line    0x0000000000001236      0x102 ../eth_3_bsp/\libhal_bsp.a(alt_find_dev.o)
 .debug_line    0x0000000000001338       0x6e ../eth_3_bsp/\libhal_bsp.a(alt_icache_flush_all.o)
 .debug_line    0x00000000000013a6       0xc6 ../eth_3_bsp/\libhal_bsp.a(alt_instruction_exception_entry.o)
 .debug_line    0x000000000000146c       0x50 ../eth_3_bsp/\libhal_bsp.a(altera_nios2_gen2_irq.o)
 .debug_line    0x00000000000014bc       0x7d ../eth_3_bsp/\libhal_bsp.a(alt_icache_flush.o)
 .debug_line    0x0000000000001539       0x5c d:/intelfpga/18.0/nios2eds/bin/gnu/h-x86_64-mingw32/bin/../lib/gcc/nios2-elf/5.3.0/../../../../../H-x86_64-mingw32/nios2-elf/lib\libsmallc.a(lib_a-int_errno.o)
 .debug_line    0x0000000000001595      0x159 d:/intelfpga/18.0/nios2eds/bin/gnu/h-x86_64-mingw32/bin/../lib/gcc/nios2-elf/5.3.0/../../../../../H-x86_64-mingw32/nios2-elf/lib\libsmallc.a(lib_a-strlen.o)

.debug_frame    0x0000000000000000      0x650
 *(.debug_frame)
 .debug_frame   0x0000000000000000      0x174 obj/default/hello_world_small.o
 .debug_frame   0x0000000000000174       0x20 d:/intelfpga/18.0/nios2eds/bin/gnu/h-x86_64-mingw32/bin/../lib/gcc/nios2-elf/5.3.0/../../../../../H-x86_64-mingw32/nios2-elf/lib\libsmallc.a(lib_a-memcmp.o)
 .debug_frame   0x0000000000000194       0x20 d:/intelfpga/18.0/nios2eds/bin/gnu/h-x86_64-mingw32/bin/../lib/gcc/nios2-elf/5.3.0/../../../../../H-x86_64-mingw32/nios2-elf/lib\libsmallc.a(lib_a-memcpy.o)
 .debug_frame   0x00000000000001b4       0x20 d:/intelfpga/18.0/nios2eds/bin/gnu/h-x86_64-mingw32/bin/../lib/gcc/nios2-elf/5.3.0/../../../../../H-x86_64-mingw32/nios2-elf/lib\libsmallc.a(lib_a-memset.o)
 .debug_frame   0x00000000000001d4       0x20 ../eth_3_bsp/\libhal_bsp.a(alt_dcache_flush_all.o)
 .debug_frame   0x00000000000001f4       0x50 ../eth_3_bsp/\libhal_bsp.a(alt_iic.o)
 .debug_frame   0x0000000000000244       0x30 ../eth_3_bsp/\libhal_bsp.a(alt_iic_isr_register.o)
 .debug_frame   0x0000000000000274       0x34 ../eth_3_bsp/\libhal_bsp.a(alt_irq_handler.o)
 .debug_frame   0x00000000000002a8       0x30 ../eth_3_bsp/\libhal_bsp.a(alt_load.o)
 .debug_frame   0x00000000000002d8       0x2c ../eth_3_bsp/\libhal_bsp.a(alt_main.o)
 .debug_frame   0x0000000000000304       0x48 ../eth_3_bsp/\libhal_bsp.a(alt_sys_init.o)
 .debug_frame   0x000000000000034c      0x1cc ../eth_3_bsp/\libhal_bsp.a(altera_avalon_sgdma.o)
 .debug_frame   0x0000000000000518       0x20 ../eth_3_bsp/\libhal_bsp.a(alt_dcache_flush.o)
 .debug_frame   0x0000000000000538       0x2c ../eth_3_bsp/\libhal_bsp.a(alt_dev_llist_insert.o)
 .debug_frame   0x0000000000000564       0x3c ../eth_3_bsp/\libhal_bsp.a(alt_find_dev.o)
 .debug_frame   0x00000000000005a0       0x20 ../eth_3_bsp/\libhal_bsp.a(alt_icache_flush_all.o)
 .debug_frame   0x00000000000005c0       0x30 ../eth_3_bsp/\libhal_bsp.a(alt_instruction_exception_entry.o)
 .debug_frame   0x00000000000005f0       0x20 ../eth_3_bsp/\libhal_bsp.a(altera_nios2_gen2_irq.o)
 .debug_frame   0x0000000000000610       0x20 ../eth_3_bsp/\libhal_bsp.a(alt_icache_flush.o)
 .debug_frame   0x0000000000000630       0x20 d:/intelfpga/18.0/nios2eds/bin/gnu/h-x86_64-mingw32/bin/../lib/gcc/nios2-elf/5.3.0/../../../../../H-x86_64-mingw32/nios2-elf/lib\libsmallc.a(lib_a-strlen.o)

.debug_str      0x0000000000000000     0x15be
 *(.debug_str)
 .debug_str     0x0000000000000000      0x60a obj/default/hello_world_small.o
                                        0x68b (size before relaxing)
 .debug_str     0x000000000000060a      0x120 d:/intelfpga/18.0/nios2eds/bin/gnu/h-x86_64-mingw32/bin/../lib/gcc/nios2-elf/5.3.0/../../../../../H-x86_64-mingw32/nios2-elf/lib\libsmallc.a(lib_a-memcmp.o)
                                        0x1c5 (size before relaxing)
 .debug_str     0x000000000000072a       0x4e d:/intelfpga/18.0/nios2eds/bin/gnu/h-x86_64-mingw32/bin/../lib/gcc/nios2-elf/5.3.0/../../../../../H-x86_64-mingw32/nios2-elf/lib\libsmallc.a(lib_a-memcpy.o)
                                        0x1d9 (size before relaxing)
 .debug_str     0x0000000000000778       0x3a d:/intelfpga/18.0/nios2eds/bin/gnu/h-x86_64-mingw32/bin/../lib/gcc/nios2-elf/5.3.0/../../../../../H-x86_64-mingw32/nios2-elf/lib\libsmallc.a(lib_a-memset.o)
                                        0x1c5 (size before relaxing)
 .debug_str     0x00000000000007b2       0x64 ../eth_3_bsp/\libhal_bsp.a(alt_dcache_flush_all.o)
                                        0x15d (size before relaxing)
 .debug_str     0x0000000000000816       0xf5 ../eth_3_bsp/\libhal_bsp.a(alt_iic.o)
                                        0x25b (size before relaxing)
 .debug_str     0x000000000000090b       0x37 ../eth_3_bsp/\libhal_bsp.a(alt_iic_isr_register.o)
                                        0x215 (size before relaxing)
 .debug_str     0x0000000000000942       0x3a ../eth_3_bsp/\libhal_bsp.a(alt_irq_handler.o)
                                        0x19f (size before relaxing)
 .debug_str     0x000000000000097c       0x17 ../eth_3_bsp/\libhal_bsp.a(alt_irq_vars.o)
                                        0x142 (size before relaxing)
 .debug_str     0x0000000000000993      0x13b ../eth_3_bsp/\libhal_bsp.a(alt_load.o)
                                        0x23c (size before relaxing)
 .debug_str     0x0000000000000ace       0x5e ../eth_3_bsp/\libhal_bsp.a(alt_main.o)
                                        0x1bd (size before relaxing)
 .debug_str     0x0000000000000b2c      0x109 ../eth_3_bsp/\libhal_bsp.a(alt_sys_init.o)
                                        0x3e3 (size before relaxing)
 .debug_str     0x0000000000000c35      0x2bd ../eth_3_bsp/\libhal_bsp.a(altera_avalon_sgdma.o)
                                        0x6df (size before relaxing)
 .debug_str     0x0000000000000ef2       0x1b ../eth_3_bsp/\libhal_bsp.a(alt_dcache_flush.o)
                                        0x163 (size before relaxing)
 .debug_str     0x0000000000000f0d       0x30 ../eth_3_bsp/\libhal_bsp.a(alt_dev_llist_insert.o)
                                        0x1cc (size before relaxing)
 .debug_str     0x0000000000000f3d       0x14 ../eth_3_bsp/\libhal_bsp.a(alt_errno.o)
                                        0x145 (size before relaxing)
 .debug_str     0x0000000000000f51       0x78 ../eth_3_bsp/\libhal_bsp.a(alt_find_dev.o)
                                        0x202 (size before relaxing)
 .debug_str     0x0000000000000fc9       0x30 ../eth_3_bsp/\libhal_bsp.a(alt_icache_flush_all.o)
                                        0x16e (size before relaxing)
 .debug_str     0x0000000000000ff9      0x48b ../eth_3_bsp/\libhal_bsp.a(alt_instruction_exception_entry.o)
                                        0x5a8 (size before relaxing)
 .debug_str     0x0000000000001484       0x20 ../eth_3_bsp/\libhal_bsp.a(altera_nios2_gen2_irq.o)
                                        0x164 (size before relaxing)
 .debug_str     0x00000000000014a4       0x1b ../eth_3_bsp/\libhal_bsp.a(alt_icache_flush.o)
                                        0x163 (size before relaxing)
 .debug_str     0x00000000000014bf       0xc5 d:/intelfpga/18.0/nios2eds/bin/gnu/h-x86_64-mingw32/bin/../lib/gcc/nios2-elf/5.3.0/../../../../../H-x86_64-mingw32/nios2-elf/lib\libsmallc.a(lib_a-int_errno.o)
                                        0x1be (size before relaxing)
 .debug_str     0x0000000000001584       0x3a d:/intelfpga/18.0/nios2eds/bin/gnu/h-x86_64-mingw32/bin/../lib/gcc/nios2-elf/5.3.0/../../../../../H-x86_64-mingw32/nios2-elf/lib\libsmallc.a(lib_a-strlen.o)
                                        0x1cb (size before relaxing)

.debug_loc      0x0000000000000000     0x1780
 *(.debug_loc)
 .debug_loc     0x0000000000000000      0x466 obj/default/hello_world_small.o
 .debug_loc     0x0000000000000466       0x94 d:/intelfpga/18.0/nios2eds/bin/gnu/h-x86_64-mingw32/bin/../lib/gcc/nios2-elf/5.3.0/../../../../../H-x86_64-mingw32/nios2-elf/lib\libsmallc.a(lib_a-memcmp.o)
 .debug_loc     0x00000000000004fa      0x135 d:/intelfpga/18.0/nios2eds/bin/gnu/h-x86_64-mingw32/bin/../lib/gcc/nios2-elf/5.3.0/../../../../../H-x86_64-mingw32/nios2-elf/lib\libsmallc.a(lib_a-memcpy.o)
 .debug_loc     0x000000000000062f       0xa5 d:/intelfpga/18.0/nios2eds/bin/gnu/h-x86_64-mingw32/bin/../lib/gcc/nios2-elf/5.3.0/../../../../../H-x86_64-mingw32/nios2-elf/lib\libsmallc.a(lib_a-memset.o)
 .debug_loc     0x00000000000006d4       0x1f ../eth_3_bsp/\libhal_bsp.a(alt_dcache_flush_all.o)
 .debug_loc     0x00000000000006f3      0x170 ../eth_3_bsp/\libhal_bsp.a(alt_iic.o)
 .debug_loc     0x0000000000000863      0x193 ../eth_3_bsp/\libhal_bsp.a(alt_iic_isr_register.o)
 .debug_loc     0x00000000000009f6       0x72 ../eth_3_bsp/\libhal_bsp.a(alt_irq_handler.o)
 .debug_loc     0x0000000000000a68       0x21 ../eth_3_bsp/\libhal_bsp.a(alt_sys_init.o)
 .debug_loc     0x0000000000000a89      0xa7c ../eth_3_bsp/\libhal_bsp.a(altera_avalon_sgdma.o)
 .debug_loc     0x0000000000001505       0x60 ../eth_3_bsp/\libhal_bsp.a(alt_dcache_flush.o)
 .debug_loc     0x0000000000001565       0x7e ../eth_3_bsp/\libhal_bsp.a(alt_dev_llist_insert.o)
 .debug_loc     0x00000000000015e3       0x7e ../eth_3_bsp/\libhal_bsp.a(alt_find_dev.o)
 .debug_loc     0x0000000000001661       0xaf ../eth_3_bsp/\libhal_bsp.a(alt_instruction_exception_entry.o)
 .debug_loc     0x0000000000001710       0x52 ../eth_3_bsp/\libhal_bsp.a(alt_icache_flush.o)
 .debug_loc     0x0000000000001762       0x1e d:/intelfpga/18.0/nios2eds/bin/gnu/h-x86_64-mingw32/bin/../lib/gcc/nios2-elf/5.3.0/../../../../../H-x86_64-mingw32/nios2-elf/lib\libsmallc.a(lib_a-strlen.o)

.debug_macinfo
 *(.debug_macinfo)

.debug_weaknames
 *(.debug_weaknames)

.debug_funcnames
 *(.debug_funcnames)

.debug_typenames
 *(.debug_typenames)

.debug_varnames
 *(.debug_varnames)

.debug_alt_sim_info
                0x0000000000000000       0x30
 *(.debug_alt_sim_info)
 .debug_alt_sim_info
                0x0000000000000000       0x30 ../eth_3_bsp//obj/HAL/src/crt0.o
                0x0000000000003ffc                __alt_data_end = 0x3ffc
                0x0000000000003ffc                PROVIDE (__alt_stack_pointer, __alt_data_end)
                [!provide]                        PROVIDE (__alt_stack_limit, __alt_stack_base)
                [!provide]                        PROVIDE (__alt_heap_start, end)
                [!provide]                        PROVIDE (__alt_heap_limit, 0x3ffc)
OUTPUT(eth_3.elf elf32-littlenios2)

.debug_ranges   0x0000000000000000      0x170
 .debug_ranges  0x0000000000000000       0x20 ../eth_3_bsp//obj/HAL/src/crt0.o
 .debug_ranges  0x0000000000000020       0x18 obj/default/hello_world_small.o
 .debug_ranges  0x0000000000000038       0x10 d:/intelfpga/18.0/nios2eds/bin/gnu/h-x86_64-mingw32/bin/../lib/gcc/nios2-elf/5.3.0/../../../../../H-x86_64-mingw32/nios2-elf/lib\libsmallc.a(lib_a-memcmp.o)
 .debug_ranges  0x0000000000000048       0x10 d:/intelfpga/18.0/nios2eds/bin/gnu/h-x86_64-mingw32/bin/../lib/gcc/nios2-elf/5.3.0/../../../../../H-x86_64-mingw32/nios2-elf/lib\libsmallc.a(lib_a-memcpy.o)
 .debug_ranges  0x0000000000000058       0x10 d:/intelfpga/18.0/nios2eds/bin/gnu/h-x86_64-mingw32/bin/../lib/gcc/nios2-elf/5.3.0/../../../../../H-x86_64-mingw32/nios2-elf/lib\libsmallc.a(lib_a-memset.o)
 .debug_ranges  0x0000000000000068       0x28 ../eth_3_bsp/\libhal_bsp.a(alt_irq_entry.o)
 .debug_ranges  0x0000000000000090       0x10 ../eth_3_bsp/\libhal_bsp.a(alt_irq_handler.o)
 .debug_ranges  0x00000000000000a0       0x48 ../eth_3_bsp/\libhal_bsp.a(alt_load.o)
 .debug_ranges  0x00000000000000e8       0x20 ../eth_3_bsp/\libhal_bsp.a(alt_dev_llist_insert.o)
 .debug_ranges  0x0000000000000108       0x30 ../eth_3_bsp/\libhal_bsp.a(alt_exception_entry.o)
 .debug_ranges  0x0000000000000138       0x18 ../eth_3_bsp/\libhal_bsp.a(alt_instruction_exception_entry.o)
 .debug_ranges  0x0000000000000150       0x10 ../eth_3_bsp/\libhal_bsp.a(alt_icache_flush.o)
 .debug_ranges  0x0000000000000160       0x10 d:/intelfpga/18.0/nios2eds/bin/gnu/h-x86_64-mingw32/bin/../lib/gcc/nios2-elf/5.3.0/../../../../../H-x86_64-mingw32/nios2-elf/lib\libsmallc.a(lib_a-strlen.o)
